Component: ARM Compiler 5.06 update 2 (build 183) Tool: armlink [4d35b7]

==============================================================================

Section Cross References

    system_stm32f4xx.o(i.SystemCoreClockUpdate) refers to system_stm32f4xx.o(.data) for SystemCoreClock
    system_stm32f4xx.o(i.SystemInit) refers to system_stm32f4xx.o(i.SetSysClock) for SetSysClock
    startup_stm32f446xx.o(STACK) refers (Special) to heapauxi.o(.text) for __use_two_region_memory
    startup_stm32f446xx.o(HEAP) refers (Special) to heapauxi.o(.text) for __use_two_region_memory
    startup_stm32f446xx.o(RESET) refers (Special) to heapauxi.o(.text) for __use_two_region_memory
    startup_stm32f446xx.o(RESET) refers to startup_stm32f446xx.o(STACK) for __initial_sp
    startup_stm32f446xx.o(RESET) refers to startup_stm32f446xx.o(.text) for Reset_Handler
    startup_stm32f446xx.o(RESET) refers to stm32f4xx_it.o(i.NMI_Handler) for NMI_Handler
    startup_stm32f446xx.o(RESET) refers to stm32f4xx_it.o(i.HardFault_Handler) for HardFault_Handler
    startup_stm32f446xx.o(RESET) refers to stm32f4xx_it.o(i.MemManage_Handler) for MemManage_Handler
    startup_stm32f446xx.o(RESET) refers to stm32f4xx_it.o(i.BusFault_Handler) for BusFault_Handler
    startup_stm32f446xx.o(RESET) refers to stm32f4xx_it.o(i.UsageFault_Handler) for UsageFault_Handler
    startup_stm32f446xx.o(RESET) refers to stm32f4xx_it.o(i.SVC_Handler) for SVC_Handler
    startup_stm32f446xx.o(RESET) refers to stm32f4xx_it.o(i.DebugMon_Handler) for DebugMon_Handler
    startup_stm32f446xx.o(RESET) refers to stm32f4xx_it.o(i.PendSV_Handler) for PendSV_Handler
    startup_stm32f446xx.o(RESET) refers to low_task.o(i.SysTick_Handler) for SysTick_Handler
    startup_stm32f446xx.o(RESET) refers to exti.o(i.EXTI2_IRQHandler) for EXTI2_IRQHandler
    startup_stm32f446xx.o(RESET) refers to exti.o(i.EXTI4_IRQHandler) for EXTI4_IRQHandler
    startup_stm32f446xx.o(RESET) refers to adc.o(i.ADC_IRQHandler) for ADC_IRQHandler
    startup_stm32f446xx.o(RESET) refers to exti.o(i.EXTI9_5_IRQHandler) for EXTI9_5_IRQHandler
    startup_stm32f446xx.o(RESET) refers to stm32f4xx_it.o(i.TIM1_UP_TIM10_IRQHandler) for TIM1_UP_TIM10_IRQHandler
    startup_stm32f446xx.o(RESET) refers to hall_sensor.o(i.TIM2_IRQHandler) for TIM2_IRQHandler
    startup_stm32f446xx.o(RESET) refers to stm32f4xx_it.o(i.OTG_FS_IRQHandler) for OTG_FS_IRQHandler
    startup_stm32f446xx.o(.text) refers (Special) to heapauxi.o(.text) for __use_two_region_memory
    startup_stm32f446xx.o(.text) refers to system_stm32f4xx.o(i.SystemInit) for SystemInit
    startup_stm32f446xx.o(.text) refers to __main.o(!!!main) for __main
    startup_stm32f446xx.o(.text) refers to startup_stm32f446xx.o(HEAP) for Heap_Mem
    startup_stm32f446xx.o(.text) refers to startup_stm32f446xx.o(STACK) for Stack_Mem
    arm_const_structs.o(.constdata) refers to arm_common_tables.o(.constdata) for twiddleCoef_16
    arm_cos_f32.o(i.arm_cos_f32) refers to arm_common_tables.o(.constdata) for sinTable_f32
    arm_cos_q15.o(i.arm_cos_q15) refers to arm_common_tables.o(.constdata) for sinTable_q15
    arm_cos_q31.o(i.arm_cos_q31) refers to arm_common_tables.o(.constdata) for sinTable_q31
    arm_sin_f32.o(i.arm_sin_f32) refers to arm_common_tables.o(.constdata) for sinTable_f32
    arm_sin_q15.o(i.arm_sin_q15) refers to arm_common_tables.o(.constdata) for sinTable_q15
    arm_sin_q31.o(i.arm_sin_q31) refers to arm_common_tables.o(.constdata) for sinTable_q31
    stm32f4xx_adc.o(i.ADC_DeInit) refers to stm32f4xx_rcc.o(i.RCC_APB2PeriphResetCmd) for RCC_APB2PeriphResetCmd
    stm32f4xx_can.o(i.CAN_DeInit) refers to stm32f4xx_rcc.o(i.RCC_APB1PeriphResetCmd) for RCC_APB1PeriphResetCmd
    stm32f4xx_can.o(i.CAN_GetITStatus) refers to stm32f4xx_can.o(i.CheckITStatus) for CheckITStatus
    stm32f4xx_cec.o(i.CEC_DeInit) refers to stm32f4xx_rcc.o(i.RCC_APB1PeriphResetCmd) for RCC_APB1PeriphResetCmd
    stm32f4xx_cryp.o(i.CRYP_DeInit) refers to stm32f4xx_rcc.o(i.RCC_AHB2PeriphResetCmd) for RCC_AHB2PeriphResetCmd
    stm32f4xx_cryp_aes.o(i.CRYP_AES_CBC) refers to stm32f4xx_cryp.o(i.CRYP_KeyStructInit) for CRYP_KeyStructInit
    stm32f4xx_cryp_aes.o(i.CRYP_AES_CBC) refers to stm32f4xx_cryp.o(i.CRYP_FIFOFlush) for CRYP_FIFOFlush
    stm32f4xx_cryp_aes.o(i.CRYP_AES_CBC) refers to stm32f4xx_cryp.o(i.CRYP_Init) for CRYP_Init
    stm32f4xx_cryp_aes.o(i.CRYP_AES_CBC) refers to stm32f4xx_cryp.o(i.CRYP_KeyInit) for CRYP_KeyInit
    stm32f4xx_cryp_aes.o(i.CRYP_AES_CBC) refers to stm32f4xx_cryp.o(i.CRYP_Cmd) for CRYP_Cmd
    stm32f4xx_cryp_aes.o(i.CRYP_AES_CBC) refers to stm32f4xx_cryp.o(i.CRYP_GetFlagStatus) for CRYP_GetFlagStatus
    stm32f4xx_cryp_aes.o(i.CRYP_AES_CBC) refers to stm32f4xx_cryp.o(i.CRYP_IVInit) for CRYP_IVInit
    stm32f4xx_cryp_aes.o(i.CRYP_AES_CBC) refers to stm32f4xx_cryp.o(i.CRYP_GetCmdStatus) for CRYP_GetCmdStatus
    stm32f4xx_cryp_aes.o(i.CRYP_AES_CBC) refers to stm32f4xx_cryp.o(i.CRYP_DataIn) for CRYP_DataIn
[...]
    twiddleCoef_64                           0x08009c0c   Data         512  arm_common_tables.o(.constdata)
    twiddleCoef_128                          0x08009e0c   Data        1024  arm_common_tables.o(.constdata)
    twiddleCoef_256                          0x0800a20c   Data        2048  arm_common_tables.o(.constdata)
    twiddleCoef_512                          0x0800aa0c   Data        4096  arm_common_tables.o(.constdata)
    twiddleCoef_1024                         0x0800ba0c   Data        8192  arm_common_tables.o(.constdata)
    twiddleCoef_2048                         0x0800da0c   Data       16384  arm_common_tables.o(.constdata)
    twiddleCoef_4096                         0x08011a0c   Data       32768  arm_common_tables.o(.constdata)
    twiddleCoef_16_q31                       0x08019a0c   Data          96  arm_common_tables.o(.constdata)
    twiddleCoef_32_q31                       0x08019a6c   Data         192  arm_common_tables.o(.constdata)
    twiddleCoef_64_q31                       0x08019b2c   Data         384  arm_common_tables.o(.constdata)
    twiddleCoef_128_q31                      0x08019cac   Data         768  arm_common_tables.o(.constdata)
    twiddleCoef_256_q31                      0x08019fac   Data        1536  arm_common_tables.o(.constdata)
    twiddleCoef_512_q31                      0x0801a5ac   Data        3072  arm_common_tables.o(.constdata)
    twiddleCoef_1024_q31                     0x0801b1ac   Data        6144  arm_common_tables.o(.constdata)
    twiddleCoef_2048_q31                     0x0801c9ac   Data       12288  arm_common_tables.o(.constdata)
    twiddleCoef_4096_q31                     0x0801f9ac   Data       24576  arm_common_tables.o(.constdata)
    twiddleCoef_16_q15                       0x080259ac   Data          48  arm_common_tables.o(.constdata)
    twiddleCoef_32_q15                       0x080259dc   Data          96  arm_common_tables.o(.constdata)
    twiddleCoef_64_q15                       0x08025a3c   Data         192  arm_common_tables.o(.constdata)
    twiddleCoef_128_q15                      0x08025afc   Data         384  arm_common_tables.o(.constdata)
    twiddleCoef_256_q15                      0x08025c7c   Data         768  arm_common_tables.o(.constdata)
    twiddleCoef_512_q15                      0x08025f7c   Data        1536  arm_common_tables.o(.constdata)
    twiddleCoef_1024_q15                     0x0802657c   Data        3072  arm_common_tables.o(.constdata)
    twiddleCoef_2048_q15                     0x0802717c   Data        6144  arm_common_tables.o(.constdata)
    twiddleCoef_4096_q15                     0x0802897c   Data       12288  arm_common_tables.o(.constdata)
    armRecipTableQ15                         0x0802b97c   Data         128  arm_common_tables.o(.constdata)
    armRecipTableQ31                         0x0802b9fc   Data         256  arm_common_tables.o(.constdata)
    armBitRevIndexTable16                    0x0802bafc   Data          40  arm_common_tables.o(.constdata)
    armBitRevIndexTable32                    0x0802bb24   Data          96  arm_common_tables.o(.constdata)
    armBitRevIndexTable64                    0x0802bb84   Data         112  arm_common_tables.o(.constdata)
    armBitRevIndexTable128                   0x0802bbf4   Data         416  arm_common_tables.o(.constdata)
    armBitRevIndexTable256                   0x0802bd94   Data         880  arm_common_tables.o(.constdata)
    armBitRevIndexTable512                   0x0802c104   Data         896  arm_common_tables.o(.constdata)
    armBitRevIndexTable1024                  0x0802c484   Data        3600  arm_common_tables.o(.constdata)
    armBitRevIndexTable2048                  0x0802d294   Data        7616  arm_common_tables.o(.constdata)
    armBitRevIndexTable4096                  0x0802f054   Data        8064  arm_common_tables.o(.constdata)
    armBitRevIndexTable_fixed_16             0x08030fd4   Data          24  arm_common_tables.o(.constdata)
    armBitRevIndexTable_fixed_32             0x08030fec   Data          48  arm_common_tables.o(.constdata)
    armBitRevIndexTable_fixed_64             0x0803101c   Data         112  arm_common_tables.o(.constdata)
    armBitRevIndexTable_fixed_128            0x0803108c   Data         224  arm_common_tables.o(.constdata)
    armBitRevIndexTable_fixed_256            0x0803116c   Data         480  arm_common_tables.o(.constdata)
    armBitRevIndexTable_fixed_512            0x0803134c   Data         960  arm_common_tables.o(.constdata)
    armBitRevIndexTable_fixed_1024           0x0803170c   Data        1984  arm_common_tables.o(.constdata)
    armBitRevIndexTable_fixed_2048           0x08031ecc   Data        3968  arm_common_tables.o(.constdata)
    armBitRevIndexTable_fixed_4096           0x08032e4c   Data        8064  arm_common_tables.o(.constdata)
    twiddleCoef_rfft_32                      0x08034dcc   Data         128  arm_common_tables.o(.constdata)
    twiddleCoef_rfft_64                      0x08034e4c   Data         256  arm_common_tables.o(.constdata)
    twiddleCoef_rfft_128                     0x08034f4c   Data         512  arm_common_tables.o(.constdata)
    twiddleCoef_rfft_256                     0x0803514c   Data        1024  arm_common_tables.o(.constdata)
    twiddleCoef_rfft_512                     0x0803554c   Data        2048  arm_common_tables.o(.constdata)
    twiddleCoef_rfft_1024                    0x08035d4c   Data        4096  arm_common_tables.o(.constdata)
    twiddleCoef_rfft_2048                    0x08036d4c   Data        8192  arm_common_tables.o(.constdata)
    twiddleCoef_rfft_4096                    0x08038d4c   Data       16384  arm_common_tables.o(.constdata)
    sinTable_f32                             0x0803cd4c   Data        2052  arm_common_tables.o(.constdata)
    sinTable_q31                             0x0803d550   Data        2052  arm_common_tables.o(.constdata)
    sinTable_q15                             0x0803dd54   Data        1026  arm_common_tables.o(.constdata)
    F6x8                                     0x0803e156   Data         552  oled_font.o(.constdata)
    F8X16                                    0x0803e37e   Data        1520  oled_font.o(.constdata)
    Region$$Table$$Base                      0x0803e970   Number         0  anon$$obj.o(Region$$Table)
    Region$$Table$$Limit                     0x0803e990   Number         0  anon$$obj.o(Region$$Table)
    ia_test                                  0x20000010   Data           4  adc.o(.data)
    ib_test                                  0x20000014   Data           4  adc.o(.data)
    ic_test                                  0x20000018   Data           4  adc.o(.data)
    Ia                                       0x20000020   Data           8  adc.o(.data)
    Ib                                       0x20000028   Data           8  adc.o(.data)
    Ic                                       0x20000030   Data           8  adc.o(.data)
    Ia_test                                  0x20000038   Data           4  adc.o(.data)
    Ib_test                                  0x2000003c   Data           4  adc.o(.data)
    Ic_test                                  0x20000040   Data           4  adc.o(.data)
    Vbus                                     0x20000044   Data           4  adc.o(.data)
    i                                        0x20000048   Data           2  adc.o(.data)
    A_offset                                 0x2000004c   Data           4  adc.o(.data)
    B_offset                                 0x20000050   Data           4  adc.o(.data)
    get_offset_flag                          0x20000054   Data           1  adc.o(.data)
    get_offset_sample_cnt                    0x20000055   Data           1  adc.o(.data)
    oled_display_sample_freq                 0x20000056   Data           1  adc.o(.data)
    speed_close_loop_flag                    0x20000057   Data           1  adc.o(.data)
    Iq_ref                                   0x20000058   Data           4  adc.o(.data)
    EKF_Hz                                   0x2000005c   Data           4  adc.o(.data)
    theta_add                                0x20000060   Data           4  adc.o(.data)
    theta                                    0x20000064   Data           4  adc.o(.data)
    drv8301_reg_read                         0x20000068   Data           8  drv8301.o(.data)
    drv8301_init_ok_flag                     0x20000070   Data           1  drv8301.o(.data)
    D_PI_I                                   0x20000074   Data           4  foc_algorithm.o(.data)
    D_PI_KB                                  0x20000078   Data           4  foc_algorithm.o(.data)
    D_PI_LOW_LIMIT                           0x2000007c   Data           4  foc_algorithm.o(.data)
    D_PI_P                                   0x20000080   Data           4  foc_algorithm.o(.data)
    D_PI_UP_LIMIT                            0x20000084   Data           4  foc_algorithm.o(.data)
    Q_PI_I                                   0x20000088   Data           4  foc_algorithm.o(.data)
    Q_PI_KB                                  0x2000008c   Data           4  foc_algorithm.o(.data)
    Q_PI_LOW_LIMIT                           0x20000090   Data           4  foc_algorithm.o(.data)
    Q_PI_P                                   0x20000094   Data           4  foc_algorithm.o(.data)
    Q_PI_UP_LIMIT                            0x20000098   Data           4  foc_algorithm.o(.data)
    rtM_                                     0x2000009c   Data           4  foc_algorithm.o(.data)
    Current_Ialpha_beta                      0x200000a0   Data           8  foc_algorithm.o(.data)
    Voltage_Alpha_Beta                       0x200000a8   Data           8  foc_algorithm.o(.data)
    Transf_Cos_Sin                           0x200000b0   Data           8  foc_algorithm.o(.data)
    Current_Idq                              0x200000b8   Data           8  foc_algorithm.o(.data)
    Voltage_DQ                               0x200000c0   Data           8  foc_algorithm.o(.data)
    hall_read_temp                           0x200000c8   Data           1  hall_sensor.o(.data)
    hall_angle                               0x200000cc   Data           4  hall_sensor.o(.data)
    hall_angle_add                           0x200000d0   Data           4  hall_sensor.o(.data)
    hall_speed                               0x200000d4   Data           4  hall_sensor.o(.data)
    l_h                                      0x200000d8   Data           4  l_identification_wrapper.o(.data)
    l_Pn0                                    0x200000dc   Data           4  l_identification_wrapper.o(.data)
    l_Pn1                                    0x200000e0   Data           4  l_identification_wrapper.o(.data)
    l_x1                                     0x200000e4   Data           4  l_identification_wrapper.o(.data)
    l_x2                                     0x200000e8   Data           4  l_identification_wrapper.o(.data)
    l_K                                      0x200000ec   Data           4  l_identification_wrapper.o(.data)
    l_theta0                                 0x200000f0   Data           4  l_identification_wrapper.o(.data)
    l_theta1                                 0x200000f4   Data           4  l_identification_wrapper.o(.data)
    l_Ud                                     0x200000f8   Data           4  l_identification_wrapper.o(.data)
    hz_100_cnt                               0x200000fc   Data           2  low_task.o(.data)
    motor_start_stop                         0x200000fe   Data           1  low_task.o(.data)
    motor_start_stop_pre                     0x200000ff   Data           1  low_task.o(.data)
    theta0_1_1                               0x20000100   Data           4  r_flux_identification_wrapper.o(.data)
    theta0_2_1                               0x20000104   Data           4  r_flux_identification_wrapper.o(.data)
    Pn0_1_1                                  0x20000108   Data           4  r_flux_identification_wrapper.o(.data)
    Pn0_1_2                                  0x2000010c   Data           4  r_flux_identification_wrapper.o(.data)
    Pn0_2_1                                  0x20000110   Data           4  r_flux_identification_wrapper.o(.data)
    Pn0_2_2                                  0x20000114   Data           4  r_flux_identification_wrapper.o(.data)
    x_1_1                                    0x20000118   Data           4  r_flux_identification_wrapper.o(.data)
    x_1_2                                    0x2000011c   Data           4  r_flux_identification_wrapper.o(.data)
    x_1_3                                    0x20000120   Data           4  r_flux_identification_wrapper.o(.data)
    x_2_1                                    0x20000124   Data           4  r_flux_identification_wrapper.o(.data)
    x_2_2                                    0x20000128   Data           4  r_flux_identification_wrapper.o(.data)
    x_2_3                                    0x2000012c   Data           4  r_flux_identification_wrapper.o(.data)
    h_1_1                                    0x20000130   Data           4  r_flux_identification_wrapper.o(.data)
    h_2_1                                    0x20000134   Data           4  r_flux_identification_wrapper.o(.data)
    r_K_1_1                                  0x20000138   Data           4  r_flux_identification_wrapper.o(.data)
    r_K_2_1                                  0x2000013c   Data           4  r_flux_identification_wrapper.o(.data)
    Pn1_1_1                                  0x20000140   Data           4  r_flux_identification_wrapper.o(.data)
    Pn1_1_2                                  0x20000144   Data           4  r_flux_identification_wrapper.o(.data)
    Pn1_2_1                                  0x20000148   Data           4  r_flux_identification_wrapper.o(.data)
    Pn1_2_2                                  0x2000014c   Data           4  r_flux_identification_wrapper.o(.data)
    theta1_1_1                               0x20000150   Data           4  r_flux_identification_wrapper.o(.data)
    theta1_2_1                               0x20000154   Data           4  r_flux_identification_wrapper.o(.data)
    r_temp_1_1                               0x20000158   Data           4  r_flux_identification_wrapper.o(.data)
    r_temp_1_2                               0x2000015c   Data           4  r_flux_identification_wrapper.o(.data)
    r_temp_2_1                               0x20000160   Data           4  r_flux_identification_wrapper.o(.data)
    r_temp_2_2                               0x20000164   Data           4  r_flux_identification_wrapper.o(.data)
    r_Uq                                     0x20000168   Data           4  r_flux_identification_wrapper.o(.data)
    SPEED_PI_I                               0x2000016c   Data           4  speed_pid.o(.data)
    SPEED_PI_KB                              0x20000170   Data           4  speed_pid.o(.data)
    SPEED_PI_LOW_LIMIT                       0x20000174   Data           4  speed_pid.o(.data)
    SPEED_PI_P                               0x20000178   Data           4  speed_pid.o(.data)
    SPEED_PI_UP_LIMIT                        0x2000017c   Data           4  speed_pid.o(.data)
    Speed_Ref                                0x20000180   Data           4  speed_pid.o(.data)
    Speed_Fdk                                0x20000184   Data           4  speed_pid.o(.data)
    Speed_Pid_Out                            0x20000188   Data           4  speed_pid.o(.data)
    Rs                                       0x2000018c   Data           4  stm32_ekf_wrapper.o(.data)
    Ls                                       0x20000190   Data           4  stm32_ekf_wrapper.o(.data)
    flux                                     0x20000194   Data           4  stm32_ekf_wrapper.o(.data)
    Q_0_0                                    0x20000198   Data           4  stm32_ekf_wrapper.o(.data)
    Q_1_1                                    0x2000019c   Data           4  stm32_ekf_wrapper.o(.data)
    Q_2_2                                    0x200001a0   Data           4  stm32_ekf_wrapper.o(.data)
    Q_3_3                                    0x200001a4   Data           4  stm32_ekf_wrapper.o(.data)
    R_0_0                                    0x200001a8   Data           4  stm32_ekf_wrapper.o(.data)
    R_1_1                                    0x200001ac   Data           4  stm32_ekf_wrapper.o(.data)
    T                                        0x200001b0   Data           4  stm32_ekf_wrapper.o(.data)
    vs_ab_0_0                                0x200001b4   Data           4  stm32_ekf_wrapper.o(.data)
    vs_ab_1_0                                0x200001b8   Data           4  stm32_ekf_wrapper.o(.data)
    is_ab_0_0                                0x200001bc   Data           4  stm32_ekf_wrapper.o(.data)
    is_ab_1_0                                0x200001c0   Data           4  stm32_ekf_wrapper.o(.data)
    P0_0_0                                   0x200001c4   Data           4  stm32_ekf_wrapper.o(.data)
    P0_0_1                                   0x200001c8   Data           4  stm32_ekf_wrapper.o(.data)
    P0_0_2                                   0x200001cc   Data           4  stm32_ekf_wrapper.o(.data)
    P0_0_3                                   0x200001d0   Data           4  stm32_ekf_wrapper.o(.data)
    P0_1_0                                   0x200001d4   Data           4  stm32_ekf_wrapper.o(.data)
    P0_1_1                                   0x200001d8   Data           4  stm32_ekf_wrapper.o(.data)
    P0_1_2                                   0x200001dc   Data           4  stm32_ekf_wrapper.o(.data)
    P0_1_3                                   0x200001e0   Data           4  stm32_ekf_wrapper.o(.data)
    P0_2_0                                   0x200001e4   Data           4  stm32_ekf_wrapper.o(.data)
    P0_2_1                                   0x200001e8   Data           4  stm32_ekf_wrapper.o(.data)
    P0_2_2                                   0x200001ec   Data           4  stm32_ekf_wrapper.o(.data)
    P0_2_3                                   0x200001f0   Data           4  stm32_ekf_wrapper.o(.data)
    P0_3_0                                   0x200001f4   Data           4  stm32_ekf_wrapper.o(.data)
    P0_3_1                                   0x200001f8   Data           4  stm32_ekf_wrapper.o(.data)
    P0_3_2                                   0x200001fc   Data           4  stm32_ekf_wrapper.o(.data)
    P0_3_3                                   0x20000200   Data           4  stm32_ekf_wrapper.o(.data)
    H_0_0                                    0x20000204   Data           4  stm32_ekf_wrapper.o(.data)
    H_1_1                                    0x20000208   Data           4  stm32_ekf_wrapper.o(.data)
    B_0_0                                    0x2000020c   Data           4  stm32_ekf_wrapper.o(.data)
    B_1_1                                    0x20000210   Data           4  stm32_ekf_wrapper.o(.data)
    F_0_0                                    0x20000214   Data           4  stm32_ekf_wrapper.o(.data)
    F_0_2                                    0x20000218   Data           4  stm32_ekf_wrapper.o(.data)
    F_0_3                                    0x2000021c   Data           4  stm32_ekf_wrapper.o(.data)
    F_1_1                                    0x20000220   Data           4  stm32_ekf_wrapper.o(.data)
    F_1_2                                    0x20000224   Data           4  stm32_ekf_wrapper.o(.data)
    F_1_3                                    0x20000228   Data           4  stm32_ekf_wrapper.o(.data)
    F_3_2                                    0x2000022c   Data           4  stm32_ekf_wrapper.o(.data)
    temp_0_0                                 0x20000230   Data           4  stm32_ekf_wrapper.o(.data)
    temp_0_1                                 0x20000234   Data           4  stm32_ekf_wrapper.o(.data)
    temp_0_2                                 0x20000238   Data           4  stm32_ekf_wrapper.o(.data)
    temp_0_3                                 0x2000023c   Data           4  stm32_ekf_wrapper.o(.data)
    temp_1_0                                 0x20000240   Data           4  stm32_ekf_wrapper.o(.data)
    temp_1_1                                 0x20000244   Data           4  stm32_ekf_wrapper.o(.data)
    temp_1_2                                 0x20000248   Data           4  stm32_ekf_wrapper.o(.data)
    temp_1_3                                 0x2000024c   Data           4  stm32_ekf_wrapper.o(.data)
    temp_2_0                                 0x20000250   Data           4  stm32_ekf_wrapper.o(.data)
    temp_2_1                                 0x20000254   Data           4  stm32_ekf_wrapper.o(.data)
    temp_2_2                                 0x20000258   Data           4  stm32_ekf_wrapper.o(.data)
    temp_2_3                                 0x2000025c   Data           4  stm32_ekf_wrapper.o(.data)
    temp_3_0                                 0x20000260   Data           4  stm32_ekf_wrapper.o(.data)
    temp_3_1                                 0x20000264   Data           4  stm32_ekf_wrapper.o(.data)
    temp_3_2                                 0x20000268   Data           4  stm32_ekf_wrapper.o(.data)
    temp_3_3                                 0x2000026c   Data           4  stm32_ekf_wrapper.o(.data)
    f1_0_0                                   0x20000270   Data           4  stm32_ekf_wrapper.o(.data)
    f1_1_0                                   0x20000274   Data           4  stm32_ekf_wrapper.o(.data)
    f1_2_0                                   0x20000278   Data           4  stm32_ekf_wrapper.o(.data)
    f1_3_0                                   0x2000027c   Data           4  stm32_ekf_wrapper.o(.data)
    f2_0_0                                   0x20000280   Data           4  stm32_ekf_wrapper.o(.data)
    f2_0_2                                   0x20000284   Data           4  stm32_ekf_wrapper.o(.data)
    f2_0_3                                   0x20000288   Data           4  stm32_ekf_wrapper.o(.data)
    f2_1_1                                   0x2000028c   Data           4  stm32_ekf_wrapper.o(.data)
    f2_1_2                                   0x20000290   Data           4  stm32_ekf_wrapper.o(.data)
    f2_1_3                                   0x20000294   Data           4  stm32_ekf_wrapper.o(.data)
    f2_2_2                                   0x20000298   Data           4  stm32_ekf_wrapper.o(.data)
    f2_3_2                                   0x2000029c   Data           4  stm32_ekf_wrapper.o(.data)
    f2_3_3                                   0x200002a0   Data           4  stm32_ekf_wrapper.o(.data)
    X_pred_0_0                               0x200002a4   Data           4  stm32_ekf_wrapper.o(.data)
    X_pred_1_0                               0x200002a8   Data           4  stm32_ekf_wrapper.o(.data)
    X_pred_2_0                               0x200002ac   Data           4  stm32_ekf_wrapper.o(.data)
    X_pred_3_0                               0x200002b0   Data           4  stm32_ekf_wrapper.o(.data)
    Y_pred_0_0                               0x200002b4   Data           4  stm32_ekf_wrapper.o(.data)
    Y_pred_1_0                               0x200002b8   Data           4  stm32_ekf_wrapper.o(.data)
    Y_0_0                                    0x200002bc   Data           4  stm32_ekf_wrapper.o(.data)
    Y_1_0                                    0x200002c0   Data           4  stm32_ekf_wrapper.o(.data)
    P_pred_0_0                               0x200002c4   Data           4  stm32_ekf_wrapper.o(.data)
    P_pred_0_1                               0x200002c8   Data           4  stm32_ekf_wrapper.o(.data)
    P_pred_0_2                               0x200002cc   Data           4  stm32_ekf_wrapper.o(.data)
    P_pred_0_3                               0x200002d0   Data           4  stm32_ekf_wrapper.o(.data)
    P_pred_1_0                               0x200002d4   Data           4  stm32_ekf_wrapper.o(.data)
    P_pred_1_1                               0x200002d8   Data           4  stm32_ekf_wrapper.o(.data)
    P_pred_1_2                               0x200002dc   Data           4  stm32_ekf_wrapper.o(.data)
    P_pred_1_3                               0x200002e0   Data           4  stm32_ekf_wrapper.o(.data)
    P_pred_2_0                               0x200002e4   Data           4  stm32_ekf_wrapper.o(.data)
    P_pred_2_1                               0x200002e8   Data           4  stm32_ekf_wrapper.o(.data)
    P_pred_2_2                               0x200002ec   Data           4  stm32_ekf_wrapper.o(.data)
    P_pred_2_3                               0x200002f0   Data           4  stm32_ekf_wrapper.o(.data)
    P_pred_3_0                               0x200002f4   Data           4  stm32_ekf_wrapper.o(.data)
    P_pred_3_1                               0x200002f8   Data           4  stm32_ekf_wrapper.o(.data)
    P_pred_3_2                               0x200002fc   Data           4  stm32_ekf_wrapper.o(.data)
    P_pred_3_3                               0x20000300   Data           4  stm32_ekf_wrapper.o(.data)
    temp_0_0_t                               0x20000304   Data           4  stm32_ekf_wrapper.o(.data)
    temp_0_1_t                               0x20000308   Data           4  stm32_ekf_wrapper.o(.data)
    temp_1_0_t                               0x2000030c   Data           4  stm32_ekf_wrapper.o(.data)
    temp_1_1_t                               0x20000310   Data           4  stm32_ekf_wrapper.o(.data)
    temp                                     0x20000314   Data           4  stm32_ekf_wrapper.o(.data)
    K_0_0                                    0x20000318   Data           4  stm32_ekf_wrapper.o(.data)
    K_0_1                                    0x2000031c   Data           4  stm32_ekf_wrapper.o(.data)
    K_1_0                                    0x20000320   Data           4  stm32_ekf_wrapper.o(.data)
    K_1_1                                    0x20000324   Data           4  stm32_ekf_wrapper.o(.data)
    K_2_0                                    0x20000328   Data           4  stm32_ekf_wrapper.o(.data)
    K_2_1                                    0x2000032c   Data           4  stm32_ekf_wrapper.o(.data)
    K_3_0                                    0x20000330   Data           4  stm32_ekf_wrapper.o(.data)
    K_3_1                                    0x20000334   Data           4  stm32_ekf_wrapper.o(.data)
    tempa_0_0                                0x20000338   Data           4  stm32_ekf_wrapper.o(.data)
    tempa_1_0                                0x2000033c   Data           4  stm32_ekf_wrapper.o(.data)
    tempa_2_0                                0x20000340   Data           4  stm32_ekf_wrapper.o(.data)
    tempa_3_0                                0x20000344   Data           4  stm32_ekf_wrapper.o(.data)
    key1_flag                                0x20000348   Data           1  exti.o(.data)
    key2_flag                                0x20000349   Data           1  exti.o(.data)
    key3_flag                                0x2000034a   Data           1  exti.o(.data)
    display_data_buff_cnt                    0x20000350   Data           1  oled.o(.data)
    display_data_flag                        0x20000351   Data           1  oled.o(.data)
    usb_open_display_flag                    0x20000352   Data           1  oled_display.o(.data)
    data_upload_display_flag                 0x20000353   Data           1  oled_display.o(.data)
    motor_run_display_flag                   0x20000354   Data           1  oled_display.o(.data)
    motor_run_display_flag_pre               0x20000355   Data           1  oled_display.o(.data)
    display_static_flag                      0x20000356   Data           1  oled_display.o(.data)
    init_dispaly_flag                        0x20000357   Data           1  oled_display.o(.data)
    display_index                            0x20000358   Data           1  oled_display.o(.data)
    display_index_key                        0x20000359   Data           1  oled_display.o(.data)
    display_cnt                              0x2000035a   Data           1  oled_display.o(.data)
    display_flag                             0x2000035b   Data           1  oled_display.o(.data)
    clear_display_flag                       0x2000035c   Data           1  oled_display.o(.data)
    drv8301_fault_flag                       0x2000035d   Data           1  oled_display.o(.data)
    Logo                                     0x2000035e   Data        1024  oled_font.o(.data)
    fault                                    0x2000075e   Data        1024  oled_font.o(.data)
    Hzk                                      0x20000b5e   Data         128  oled_font.o(.data)
    Hzk_32                                   0x20000bde   Data        1024  oled_font.o(.data)
    int_test1                                0x20000fe0   Data           4  pc_communication_init.o(.data)
    int_test2                                0x20000fe4   Data           4  pc_communication_init.o(.data)
    int_test3                                0x20000fe8   Data           4  pc_communication_init.o(.data)
    int_test4                                0x20000fec   Data           4  pc_communication_init.o(.data)
    int_test5                                0x20000ff0   Data           4  pc_communication_init.o(.data)
    int_test6                                0x20000ff4   Data           4  pc_communication_init.o(.data)
    int_test7                                0x20000ff8   Data           4  pc_communication_init.o(.data)
    int_test8                                0x20000ffc   Data           4  pc_communication_init.o(.data)
    int_test9                                0x20001000   Data           4  pc_communication_init.o(.data)
    int_test10                               0x20001004   Data           4  pc_communication_init.o(.data)
    float_test1                              0x20001008   Data           4  pc_communication_init.o(.data)
    float_test2                              0x2000100c   Data           4  pc_communication_init.o(.data)
    float_test3                              0x20001010   Data           4  pc_communication_init.o(.data)
    float_test4                              0x20001014   Data           4  pc_communication_init.o(.data)
    float_test5                              0x20001018   Data           4  pc_communication_init.o(.data)
    float_test6                              0x2000101c   Data           4  pc_communication_init.o(.data)
    float_test7                              0x20001020   Data           4  pc_communication_init.o(.data)
    float_test8                              0x20001024   Data           4  pc_communication_init.o(.data)
    float_test9                              0x20001028   Data           4  pc_communication_init.o(.data)
    float_test10                             0x2000102c   Data           4  pc_communication_init.o(.data)
    receive_count                            0x20001030   Data           4  communication.o(.data)
    send_count                               0x20001034   Data           4  communication.o(.data)
    upload_sample_freq                       0x20001038   Data           2  communication.o(.data)
    upload_sample_freq_factor                0x2000103a   Data           2  communication.o(.data)
    upload_flag                              0x2000103c   Data           1  communication.o(.data)
    upload_ok_flag                           0x2000103d   Data           1  communication.o(.data)
    data_sample_cnt                          0x2000103e   Data           2  communication.o(.data)
    data_sample_group_cnt                    0x20001040   Data           1  communication.o(.data)
    switch_flag                              0x20001041   Data           1  communication.o(.data)
    float_wave_data_0                        0x20001044   Data           4  communication.o(.data)
    float_wave_data_1                        0x20001048   Data           4  communication.o(.data)
    float_wave_data_2                        0x2000104c   Data           4  communication.o(.data)
    float_wave_data_3                        0x20001050   Data           4  communication.o(.data)
    float_wave_data_4                        0x20001054   Data           4  communication.o(.data)
    float_wave_data_5                        0x20001058   Data           4  communication.o(.data)
    int_wave_data_0                          0x2000105c   Data           4  communication.o(.data)
    int_wave_data_1                          0x20001060   Data           4  communication.o(.data)
    int_wave_data_2                          0x20001064   Data           4  communication.o(.data)
    int_wave_data_3                          0x20001068   Data           4  communication.o(.data)
    int_wave_data_type_0                     0x2000106c   Data           1  communication.o(.data)
    int_wave_data_type_1                     0x2000106d   Data           1  communication.o(.data)
    int_wave_data_type_2                     0x2000106e   Data           1  communication.o(.data)
    int_wave_data_type_3                     0x2000106f   Data           1  communication.o(.data)
    float_data_0                             0x20001070   Data           4  communication.o(.data)
    float_data_1                             0x20001074   Data           4  communication.o(.data)
    float_data_2                             0x20001078   Data           4  communication.o(.data)
    float_data_3                             0x2000107c   Data           4  communication.o(.data)
    float_data_4                             0x20001080   Data           4  communication.o(.data)
    float_data_5                             0x20001084   Data           4  communication.o(.data)
    float_data_6                             0x20001088   Data           4  communication.o(.data)
    float_data_7                             0x2000108c   Data           4  communication.o(.data)
    float_data_8                             0x20001090   Data           4  communication.o(.data)
    float_data_9                             0x20001094   Data           4  communication.o(.data)
    int_data_0                               0x20001098   Data           4  communication.o(.data)
    int_data_1                               0x2000109c   Data           4  communication.o(.data)
    int_data_2                               0x200010a0   Data           4  communication.o(.data)
    int_data_3                               0x200010a4   Data           4  communication.o(.data)
    int_data_4                               0x200010a8   Data           4  communication.o(.data)
    int_data_5                               0x200010ac   Data           4  communication.o(.data)
    int_data_6                               0x200010b0   Data           4  communication.o(.data)
    int_data_7                               0x200010b4   Data           4  communication.o(.data)
    int_data_8                               0x200010b8   Data           4  communication.o(.data)
    int_data_9                               0x200010bc   Data           4  communication.o(.data)
    int_data_type_0                          0x200010c0   Data           1  communication.o(.data)
    int_data_type_1                          0x200010c1   Data           1  communication.o(.data)
    int_data_type_2                          0x200010c2   Data           1  communication.o(.data)
    int_data_type_3                          0x200010c3   Data           1  communication.o(.data)
    int_data_type_4                          0x200010c4   Data           1  communication.o(.data)
    int_data_type_5                          0x200010c5   Data           1  communication.o(.data)
    int_data_type_6                          0x200010c6   Data           1  communication.o(.data)
    int_data_type_7                          0x200010c7   Data           1  communication.o(.data)
    int_data_type_8                          0x200010c8   Data           1  communication.o(.data)
    int_data_type_9                          0x200010c9   Data           1  communication.o(.data)
    float_download_data_0                    0x200010cc   Data           4  communication.o(.data)
    float_download_data_1                    0x200010d0   Data           4  communication.o(.data)
    float_download_data_2                    0x200010d4   Data           4  communication.o(.data)
    float_download_data_3                    0x200010d8   Data           4  communication.o(.data)
    float_download_data_4                    0x200010dc   Data           4  communication.o(.data)
    float_download_data_5                    0x200010e0   Data           4  communication.o(.data)
    float_download_data_6                    0x200010e4   Data           4  communication.o(.data)
    float_download_data_7                    0x200010e8   Data           4  communication.o(.data)
    float_download_data_8                    0x200010ec   Data           4  communication.o(.data)
    float_download_data_9                    0x200010f0   Data           4  communication.o(.data)
    speed_control_ref_download               0x200010f4   Data           4  communication.o(.data)
    motor_start_stop_download                0x200010f8   Data           4  communication.o(.data)
    CmdBuff                                  0x20001100   Data           8  usbd_cdc_core_loopback.o(.data)
    USBD_CDC_cb                              0x20001108   Data          44  usbd_cdc_core_loopback.o(.data)
    usbd_cdc_CfgDesc                         0x20001134   Data          67  usbd_cdc_core_loopback.o(.data)
    data_sent                                0x20001178   Data           4  usbd_cdc_vcp.o(.data)
    receive_flag                             0x2000117c   Data           4  usbd_cdc_vcp.o(.data)
    VCP_fops                                 0x20001180   Data           8  usbd_cdc_vcp.o(.data)
    SET_TEST_MODE                            0x20001188   Data           4  usbd_core.o(.data)
    USBD_DCD_INT_cb                          0x2000118c   Data          44  usbd_core.o(.data)
    USBD_DCD_INT_fops                        0x200011b8   Data           4  usbd_core.o(.data)
    USR_desc                                 0x200011bc   Data          28  usbd_desc.o(.data)
    USBD_DeviceDesc                          0x200011d8   Data          18  usbd_desc.o(.data)
    USBD_DeviceQualifierDesc                 0x200011ea   Data          10  usbd_desc.o(.data)
    USBD_LangIDDesc                          0x200011f4   Data           4  usbd_desc.o(.data)
    USBD_StringSerial                        0x200011f8   Data          26  usbd_desc.o(.data)
    USR_cb                                   0x20001214   Data          28  usbd_usr.o(.data)
    USBD_ep_status                           0x20001230   Data           4  usbd_req.o(.data)
    USBD_default_cfg                         0x20001234   Data           4  usbd_req.o(.data)
    USBD_cfg_status                          0x20001238   Data           4  usbd_req.o(.data)
    ADC1ConvertedValue                       0x20001240   Data          10  adc.o(.bss)
    FOC_Interface_states                     0x20001250   Data         112  foc_algorithm.o(.bss)
    FOC_Input                                0x200012c0   Data          48  foc_algorithm.o(.bss)
    FOC_Output                               0x200012f0   Data          40  foc_algorithm.o(.bss)
    Current_Iabc                             0x20001318   Data          12  foc_algorithm.o(.bss)
    Current_D_PID                            0x20001324   Data          28  foc_algorithm.o(.bss)
    Current_Q_PID                            0x20001340   Data          28  foc_algorithm.o(.bss)
    Speed_Pid                                0x2000135c   Data          28  speed_pid.o(.bss)
    display_buff                             0x20001378   Data        1024  oled.o(.bss)
    display_data_buff                        0x20001778   Data         128  oled.o(.bss)
    USB_OTG_dev                              0x200017f8   Data        1524  communication.o(.bss)
    Rxbuffer                                 0x20001dec   Data          64  communication.o(.bss)
    Txbuffer                                 0x20001e2c   Data        3000  communication.o(.bss)
    Txbuffer_2                               0x200029e4   Data        3000  communication.o(.bss)
    mcu_id                                   0x2000359c   Data          12  communication.o(.bss)
    USBD_StrDesc                             0x200035a8   Data         255  usbd_desc.o(.bss)
    __libspace_start                         0x200036a8   Data          96  libspace.o(.bss)
    __temporary_stack_top$libspace           0x20003708   Data           0  libspace.o(.bss)



==============================================================================

Memory Map of the image

  Image Entry point : 0x080001c5

  Load Region LR_IROM1 (Base: 0x08000000, Size: 0x0003fbd0, Max: 0x00080000, ABSOLUTE, COMPRESSED[0x0003eedc])

    Execution Region ER_IROM1 (Exec base: 0x08000000, Load base: 0x08000000, Size: 0x0003e990, Max: 0x00080000, ABSOLUTE)

    Exec Addr    Load Addr    Size         Type   Attr      Idx    E Section Name        Object

    0x08000000   0x08000000   0x000001c4   Data   RO          168    RESET               startup_stm32f446xx.o
    0x080001c4   0x080001c4   0x00000008   Code   RO         8335  * !!!main             c_w.l(__main.o)
    0x080001cc   0x080001cc   0x00000034   Code   RO         8523    !!!scatter          c_w.l(__scatter.o)
    0x08000200   0x08000200   0x0000005a   Code   RO         8521    !!dczerorl2         c_w.l(__dczerorl2.o)
    0x0800025a   0x0800025a   0x00000002   PAD
    0x0800025c   0x0800025c   0x0000001c   Code   RO         8525    !!handler_zi        c_w.l(__scatter_zi.o)
    0x08000278   0x08000278   0x00000002   Code   RO         8391    .ARM.Collect$$libinit$$00000000  c_w.l(libinit.o)
    0x0800027a   0x0800027a   0x00000004   Code   RO         8397    .ARM.Collect$$libinit$$00000001  c_w.l(libinit2.o)
    0x0800027e   0x0800027e   0x00000000   Code   RO         8400    .ARM.Collect$$libinit$$00000004  c_w.l(libinit2.o)
    0x0800027e   0x0800027e   0x00000000   Code   RO         8403    .ARM.Collect$$libinit$$0000000A  c_w.l(libinit2.o)
    0x0800027e   0x0800027e   0x00000000   Code   RO         8405    .ARM.Collect$$libinit$$0000000C  c_w.l(libinit2.o)
    0x0800027e   0x0800027e   0x00000000   Code   RO         8407    .ARM.Collect$$libinit$$0000000E  c_w.l(libinit2.o)
    0x0800027e   0x0800027e   0x00000000   Code   RO         8410    .ARM.Collect$$libinit$$00000011  c_w.l(libinit2.o)
    0x0800027e   0x0800027e   0x00000000   Code   RO         8412    .ARM.Collect$$libinit$$00000013  c_w.l(libinit2.o)
    0x0800027e   0x0800027e   0x00000000   Code   RO         8414    .ARM.Collect$$libinit$$00000015  c_w.l(libinit2.o)
    0x0800027e   0x0800027e   0x00000000   Code   RO         8416    .ARM.Collect$$libinit$$00000017  c_w.l(libinit2.o)
    0x0800027e   0x0800027e   0x00000000   Code   RO         8418    .ARM.Collect$$libinit$$00000019  c_w.l(libinit2.o)
    0x0800027e   0x0800027e   0x00000000   Code   RO         8420    .ARM.Collect$$libinit$$0000001B  c_w.l(libinit2.o)
    0x0800027e   0x0800027e   0x00000000   Code   RO         8422    .ARM.Collect$$libinit$$0000001D  c_w.l(libinit2.o)
    0x0800027e   0x0800027e   0x00000000   Code   RO         8424    .ARM.Collect$$libinit$$0000001F  c_w.l(libinit2.o)
    0x0800027e   0x0800027e   0x00000000   Code   RO         8426    .ARM.Collect$$libinit$$00000021  c_w.l(libinit2.o)
    0x0800027e   0x0800027e   0x00000000   Code   RO         8428    .ARM.Collect$$libinit$$00000023  c_w.l(libinit2.o)
    0x0800027e   0x0800027e   0x00000000   Code   RO         8430    .ARM.Collect$$libinit$$00000025  c_w.l(libinit2.o)
    0x0800027e   0x0800027e   0x00000000   Code   RO         8434    .ARM.Collect$$libinit$$0000002C  c_w.l(libinit2.o)
    0x0800027e   0x0800027e   0x00000000   Code   RO         8436    .ARM.Collect$$libinit$$0000002E  c_w.l(libinit2.o)
    0x0800027e   0x0800027e   0x00000000   Code   RO         8438    .ARM.Collect$$libinit$$00000030  c_w.l(libinit2.o)
    0x0800027e   0x0800027e   0x00000000   Code   RO         8440    .ARM.Collect$$libinit$$00000032  c_w.l(libinit2.o)
    0x0800027e   0x0800027e   0x00000002   Code   RO         8441    .ARM.Collect$$libinit$$00000033  c_w.l(libinit2.o)
    0x08000280   0x08000280   0x00000002   Code   RO         8461    .ARM.Collect$$libshutdown$$00000000  c_w.l(libshutdown.o)
    0x08000282   0x08000282   0x00000000   Code   RO         8474    .ARM.Collect$$libshutdown$$00000002  c_w.l(libshutdown2.o)
    0x08000282   0x08000282   0x00000000   Code   RO         8476    .ARM.Collect$$libshutdown$$00000004  c_w.l(libshutdown2.o)
    0x08000282   0x08000282   0x00000000   Code   RO         8479    .ARM.Collect$$libshutdown$$00000007  c_w.l(libshutdown2.o)
    0x08000282   0x08000282   0x00000000   Code   RO         8482    .ARM.Collect$$libshutdown$$0000000A  c_w.l(libshutdown2.o)
    0x08000282   0x08000282   0x00000000   Code   RO         8484    .ARM.Collect$$libshutdown$$0000000C  c_w.l(libshutdown2.o)
    0x08000282   0x08000282   0x00000000   Code   RO         8487    .ARM.Collect$$libshutdown$$0000000F  c_w.l(libshutdown2.o)
    0x08000282   0x08000282   0x00000002   Code   RO         8488    .ARM.Collect$$libshutdown$$00000010  c_w.l(libshutdown2.o)
    0x08000284   0x08000284   0x00000000   Code   RO         8357    .ARM.Collect$$rtentry$$00000000  c_w.l(__rtentry.o)
    0x08000284   0x08000284   0x00000000   Code   RO         8368    .ARM.Collect$$rtentry$$00000002  c_w.l(__rtentry2.o)
    0x08000284   0x08000284   0x00000006   Code   RO         8380    .ARM.Collect$$rtentry$$00000004  c_w.l(__rtentry4.o)
    0x0800028a   0x0800028a   0x00000000   Code   RO         8370    .ARM.Collect$$rtentry$$00000009  c_w.l(__rtentry2.o)
    0x0800028a   0x0800028a   0x00000004   Code   RO         8371    .ARM.Collect$$rtentry$$0000000A  c_w.l(__rtentry2.o)
    0x0800028e   0x0800028e   0x00000000   Code   RO         8373    .ARM.Collect$$rtentry$$0000000C  c_w.l(__rtentry2.o)
    0x0800028e   0x0800028e   0x00000008   Code   RO         8374    .ARM.Collect$$rtentry$$0000000D  c_w.l(__rtentry2.o)
    0x08000296   0x08000296   0x00000002   Code   RO         8395    .ARM.Collect$$rtexit$$00000000  c_w.l(rtexit.o)
    0x08000298   0x08000298   0x00000000   Code   RO         8443    .ARM.Collect$$rtexit$$00000002  c_w.l(rtexit2.o)
    0x08000298   0x08000298   0x00000004   Code   RO         8444    .ARM.Collect$$rtexit$$00000003  c_w.l(rtexit2.o)
    0x0800029c   0x0800029c   0x00000006   Code   RO         8445    .ARM.Collect$$rtexit$$00000004  c_w.l(rtexit2.o)
    0x080002a2   0x080002a2   0x00000002   PAD
    0x080002a4   0x080002a4   0x00000040   Code   RO          169    .text               startup_stm32f446xx.o
    0x080002e4   0x080002e4   0x0000004e   Code   RO         8331    .text               c_w.l(rt_memclr_w.o)
    0x08000332   0x08000332   0x00000006   Code   RO         8333    .text               c_w.l(heapauxi.o)
    0x08000338   0x08000338   0x0000004a   Code   RO         8382    .text               c_w.l(sys_stackheap_outer.o)
    0x08000382   0x08000382   0x00000012   Code   RO         8384    .text               c_w.l(exit.o)
    0x08000394   0x08000394   0x00000008   Code   RO         8392    .text               c_w.l(libspace.o)
    0x0800039c   0x0800039c   0x0000000c   Code   RO         8453    .text               c_w.l(sys_exit.o)
    0x080003a8   0x080003a8   0x00000002   Code   RO         8464    .text               c_w.l(use_no_semi.o)
    0x080003aa   0x080003aa   0x00000000   Code   RO         8466    .text               c_w.l(indicate_semi.o)
    0x080003aa   0x080003aa   0x00000006   Code   RO          489    i.ADC_ClearFlag     stm32f4xx_adc.o
    0x080003b0   0x080003b0   0x00000016   Code   RO          491    i.ADC_Cmd           stm32f4xx_adc.o
    0x080003c6   0x080003c6   0x00000002   PAD
    0x080003c8   0x080003c8   0x00000030   Code   RO          492    i.ADC_CommonInit    stm32f4xx_adc.o
    0x080003f8   0x080003f8   0x00000016   Code   RO          495    i.ADC_DMACmd        stm32f4xx_adc.o
    0x0800040e   0x0800040e   0x00000016   Code   RO          496    i.ADC_DMARequestAfterLastTransferCmd  stm32f4xx_adc.o
    0x08000424   0x08000424   0x00000016   Code   RO          497    i.ADC_DeInit        stm32f4xx_adc.o
    0x0800043a   0x0800043a   0x00000010   Code   RO          501    i.ADC_ExternalTrigInjectedConvConfig  stm32f4xx_adc.o
    0x0800044a   0x0800044a   0x00000010   Code   RO          502    i.ADC_ExternalTrigInjectedConvEdgeConfig  stm32f4xx_adc.o
    0x0800045a   0x0800045a   0x00000002   PAD
    0x0800045c   0x0800045c   0x000000ac   Code   RO         6087    i.ADC_IRQHandler    adc.o
    0x08000508   0x08000508   0x00000020   Code   RO          510    i.ADC_ITConfig      stm32f4xx_adc.o
    0x08000528   0x08000528   0x00000054   Code   RO          511    i.ADC_Init          stm32f4xx_adc.o
    0x0800057c   0x0800057c   0x00000082   Code   RO          512    i.ADC_InjectedChannelConfig  stm32f4xx_adc.o
    0x080005fe   0x080005fe   0x00000018   Code   RO          514    i.ADC_InjectedSequencerLengthConfig  stm32f4xx_adc.o
    0x08000616   0x08000616   0x000000b8   Code   RO          516    i.ADC_RegularChannelConfig  stm32f4xx_adc.o
    0x080006ce   0x080006ce   0x0000000a   Code   RO          518    i.ADC_SoftwareStartConv  stm32f4xx_adc.o
    0x080006d8   0x080006d8   0x00000014   Code   RO          520    i.ADC_StructInit    stm32f4xx_adc.o
    0x080006ec   0x080006ec   0x0000002a   Code   RO         6245    i.Angle_To_Cos_Sin  foc_algorithm.o
    0x08000716   0x08000716   0x00000004   Code   RO         6815    i.BusFault_Handler  stm32f4xx_it.o
    0x0800071a   0x0800071a   0x00000002   PAD
    0x0800071c   0x0800071c   0x00000064   Code   RO         6246    i.Clarke_Transf     foc_algorithm.o
    0x08000780   0x08000780   0x00000080   Code   RO         6247    i.Current_PID_Calc  foc_algorithm.o
    0x08000800   0x08000800   0x0000004a   Code   RO         7634    i.DCD_EP_Close      pc_communication.lib(usb_dcd.o)
    0x0800084a   0x0800084a   0x00000048   Code   RO         7635    i.DCD_EP_ClrStall   pc_communication.lib(usb_dcd.o)
    0x08000892   0x08000892   0x00000068   Code   RO         7637    i.DCD_EP_Open       pc_communication.lib(usb_dcd.o)
    0x080008fa   0x080008fa   0x00000052   Code   RO         7638    i.DCD_EP_PrepareRx  pc_communication.lib(usb_dcd.o)
    0x0800094c   0x0800094c   0x0000001c   Code   RO         7639    i.DCD_EP_SetAddress  pc_communication.lib(usb_dcd.o)
    0x08000968   0x08000968   0x00000048   Code   RO         7640    i.DCD_EP_Stall      pc_communication.lib(usb_dcd.o)
    0x080009b0   0x080009b0   0x0000004e   Code   RO         7641    i.DCD_EP_Tx         pc_communication.lib(usb_dcd.o)
    0x080009fe   0x080009fe   0x00000002   PAD
    0x08000a00   0x08000a00   0x00000198   Code   RO         7297    i.DCD_HandleEnumDone_ISR  pc_communication.lib(usb_dcd_int.o)
    0x08000b98   0x08000b98   0x00000128   Code   RO         7298    i.DCD_HandleInEP_ISR  pc_communication.lib(usb_dcd_int.o)
    0x08000cc0   0x08000cc0   0x00000100   Code   RO         7299    i.DCD_HandleOutEP_ISR  pc_communication.lib(usb_dcd_int.o)
    0x08000dc0   0x08000dc0   0x0000006c   Code   RO         7300    i.DCD_HandleResume_ISR  pc_communication.lib(usb_dcd_int.o)
    0x08000e2c   0x08000e2c   0x000000b0   Code   RO         7301    i.DCD_HandleRxStatusQueueLevel_ISR  pc_communication.lib(usb_dcd_int.o)
    0x08000edc   0x08000edc   0x0000002c   Code   RO         7302    i.DCD_HandleSof_ISR  pc_communication.lib(usb_dcd_int.o)
    0x08000f08   0x08000f08   0x000000a8   Code   RO         7303    i.DCD_HandleUSBSuspend_ISR  pc_communication.lib(usb_dcd_int.o)
    0x08000fb0   0x08000fb0   0x00000104   Code   RO         7304    i.DCD_HandleUsbReset_ISR  pc_communication.lib(usb_dcd_int.o)
    0x080010b4   0x080010b4   0x0000009c   Code   RO         7643    i.DCD_Init          pc_communication.lib(usb_dcd.o)
    0x08001150   0x08001150   0x0000002c   Code   RO         7305    i.DCD_IsoINIncomplete_ISR  pc_communication.lib(usb_dcd_int.o)
    0x0800117c   0x0800117c   0x0000002c   Code   RO         7306    i.DCD_IsoOUTIncomplete_ISR  pc_communication.lib(usb_dcd_int.o)
    0x080011a8   0x080011a8   0x00000028   Code   RO         7307    i.DCD_ReadDevInEP   pc_communication.lib(usb_dcd_int.o)
    0x080011d0   0x080011d0   0x000000ac   Code   RO         7308    i.DCD_WriteEmptyTxFifo  pc_communication.lib(usb_dcd_int.o)
    0x0800127c   0x0800127c   0x00000016   Code   RO         1605    i.DMA_Cmd           stm32f4xx_dma.o
    0x08001292   0x08001292   0x00000002   PAD
    0x08001294   0x08001294   0x00000058   Code   RO         1617    i.DMA_Init          stm32f4xx_dma.o
    0x080012ec   0x080012ec   0x00000002   Code   RO         6816    i.DebugMon_Handler  stm32f4xx_it.o
    0x080012ee   0x080012ee   0x00000002   PAD
    0x080012f0   0x080012f0   0x00000018   Code   RO         6588    i.Delay             main.o
    0x08001308   0x08001308   0x0000001c   Code   RO         6546    i.EXTI2_IRQHandler  exti.o
    0x08001324   0x08001324   0x0000001c   Code   RO         6547    i.EXTI4_IRQHandler  exti.o
    0x08001340   0x08001340   0x0000001c   Code   RO         6548    i.EXTI9_5_IRQHandler  exti.o
    0x0800135c   0x0800135c   0x0000000c   Code   RO         1889    i.EXTI_ClearITPendingBit  stm32f4xx_exti.o
    0x08001368   0x08001368   0x00000018   Code   RO         1893    i.EXTI_GetITStatus  stm32f4xx_exti.o
    0x08001380   0x08001380   0x00000094   Code   RO         1894    i.EXTI_Init         stm32f4xx_exti.o
    0x08001414   0x08001414   0x00000090   Code   RO         2693    i.GPIO_Init         stm32f4xx_gpio.o
    0x080014a4   0x080014a4   0x00000046   Code   RO         2694    i.GPIO_PinAFConfig  stm32f4xx_gpio.o
    0x080014ea   0x080014ea   0x00000012   Code   RO         2697    i.GPIO_ReadInputDataBit  stm32f4xx_gpio.o
    0x080014fc   0x080014fc   0x00000004   Code   RO         2700    i.GPIO_ResetBits    stm32f4xx_gpio.o
    0x08001500   0x08001500   0x00000004   Code   RO         2701    i.GPIO_SetBits      stm32f4xx_gpio.o
    0x08001504   0x08001504   0x00000012   Code   RO         2702    i.GPIO_StructInit   stm32f4xx_gpio.o
    0x08001516   0x08001516   0x00000002   PAD
    0x08001518   0x08001518   0x00000034   Code   RO         7984    i.Get_SerialNum     pc_communication.lib(usbd_desc.o)
    0x0800154c   0x0800154c   0x00000004   Code   RO         6817    i.HardFault_Handler  stm32f4xx_it.o
    0x08001550   0x08001550   0x0000003e   Code   RO         7985    i.IntToUnicode      pc_communication.lib(usbd_desc.o)
    0x0800158e   0x0800158e   0x00000002   PAD
    0x08001590   0x08001590   0x00000020   Code   RO         6346    i.L_identification_Outputs_wrapper  l_identification_wrapper.o
    0x080015b0   0x080015b0   0x00000048   Code   RO         6347    i.L_identification_Start_wrapper  l_identification_wrapper.o
    0x080015f8   0x080015f8   0x000000f8   Code   RO         6348    i.L_identification_Update_wrapper  l_identification_wrapper.o
    0x080016f0   0x080016f0   0x00000004   Code   RO         6818    i.MemManage_Handler  stm32f4xx_it.o
    0x080016f4   0x080016f4   0x00000002   Code   RO         6819    i.NMI_Handler       stm32f4xx_it.o
    0x080016f6   0x080016f6   0x00000002   PAD
    0x080016f8   0x080016f8   0x00000078   Code   RO          433    i.NVIC_Init         misc.o
    0x08001770   0x08001770   0x00000014   Code   RO          434    i.NVIC_PriorityGroupConfig  misc.o
    0x08001784   0x08001784   0x0000005c   Code   RO         6626    i.OLED_Clear        oled.o
    0x080017e0   0x080017e0   0x0000008c   Code   RO         6627    i.OLED_DrawBMP      oled.o
    0x0800186c   0x0800186c   0x00000108   Code   RO         6628    i.OLED_Init         oled.o
    0x08001974   0x08001974   0x0000002a   Code   RO         6629    i.OLED_Set_Pos      oled.o
    0x0800199e   0x0800199e   0x00000002   PAD
    0x080019a0   0x080019a0   0x00000098   Code   RO         6632    i.OLED_ShowChar     oled.o
    0x08001a38   0x08001a38   0x00000084   Code   RO         6634    i.OLED_ShowNum      oled.o
    0x08001abc   0x08001abc   0x00000036   Code   RO         6635    i.OLED_ShowString   oled.o
    0x08001af2   0x08001af2   0x00000002   PAD
    0x08001af4   0x08001af4   0x00000044   Code   RO         6636    i.OLED_WR_Byte      oled.o
    0x08001b38   0x08001b38   0x00000010   Code   RO         6820    i.OTG_FS_IRQHandler  stm32f4xx_it.o
    0x08001b48   0x08001b48   0x00000046   Code   RO         6248    i.Park_Transf       foc_algorithm.o
    0x08001b8e   0x08001b8e   0x00000002   Code   RO         6821    i.PendSV_Handler    stm32f4xx_it.o
    0x08001b90   0x08001b90   0x00000024   Code   RO         3811    i.RCC_48MHzClockSourceConfig  stm32f4xx_rcc.o
    0x08001bb4   0x08001bb4   0x00000020   Code   RO         3813    i.RCC_AHB1PeriphClockCmd  stm32f4xx_rcc.o
    0x08001bd4   0x08001bd4   0x00000020   Code   RO         3816    i.RCC_AHB2PeriphClockCmd  stm32f4xx_rcc.o
    0x08001bf4   0x08001bf4   0x00000020   Code   RO         3822    i.RCC_APB1PeriphClockCmd  stm32f4xx_rcc.o
    0x08001c14   0x08001c14   0x00000020   Code   RO         3824    i.RCC_APB1PeriphResetCmd  stm32f4xx_rcc.o
    0x08001c34   0x08001c34   0x00000020   Code   RO         3825    i.RCC_APB2PeriphClockCmd  stm32f4xx_rcc.o
    0x08001c54   0x08001c54   0x00000020   Code   RO         3827    i.RCC_APB2PeriphResetCmd  stm32f4xx_rcc.o
    0x08001c74   0x08001c74   0x000001c8   Code   RO         3836    i.RCC_GetClocksFreq  stm32f4xx_rcc.o
    0x08001e3c   0x08001e3c   0x0000000c   Code   RO         3857    i.RCC_PLLSAICmd     stm32f4xx_rcc.o
    0x08001e48   0x08001e48   0x00000020   Code   RO         3858    i.RCC_PLLSAIConfig  stm32f4xx_rcc.o
    0x08001e68   0x08001e68   0x00000020   Code   RO         6421    i.R_flux_identification_Outputs_wrapper  r_flux_identification_wrapper.o
    0x08001e88   0x08001e88   0x000000c8   Code   RO         6422    i.R_flux_identification_Start_wrapper  r_flux_identification_wrapper.o
    0x08001f50   0x08001f50   0x000003a4   Code   RO         6423    i.R_flux_identification_Update_wrapper  r_flux_identification_wrapper.o
    0x080022f4   0x080022f4   0x00000042   Code   RO         6249    i.Rev_Park_Transf   foc_algorithm.o
    0x08002336   0x08002336   0x00000002   Code   RO         6822    i.SVC_Handler       stm32f4xx_it.o
    0x08002338   0x08002338   0x000002c4   Code   RO         6250    i.SVPWM_Calc        foc_algorithm.o
    0x080025fc   0x080025fc   0x00000040   Code   RO         5206    i.SYSCFG_EXTILineConfig  stm32f4xx_syscfg.o
    0x0800263c   0x0800263c   0x00000120   Code   RO            4    i.SetSysClock       system_stm32f4xx.o
    0x0800275c   0x0800275c   0x00000090   Code   RO         6448    i.Speed_Pid_Calc    speed_pid.o
    0x080027ec   0x080027ec   0x00000060   Code   RO         6376    i.SysTick_Handler   low_task.o
    0x0800284c   0x0800284c   0x00000068   Code   RO            6    i.SystemInit        system_stm32f4xx.o
    0x080028b4   0x080028b4   0x0000003a   Code   RO         5263    i.TI1_Config        stm32f4xx_tim.o
    0x080028ee   0x080028ee   0x00000050   Code   RO         5264    i.TI2_Config        stm32f4xx_tim.o
    0x0800293e   0x0800293e   0x00000048   Code   RO         5265    i.TI3_Config        stm32f4xx_tim.o
    0x08002986   0x08002986   0x00000050   Code   RO         5266    i.TI4_Config        stm32f4xx_tim.o
    0x080029d6   0x080029d6   0x00000002   PAD
    0x080029d8   0x080029d8   0x00000010   Code   RO         6823    i.TIM1_UP_TIM10_IRQHandler  stm32f4xx_it.o
    0x080029e8   0x080029e8   0x0000017c   Code   RO         6319    i.TIM2_IRQHandler   hall_sensor.o
    0x08002b64   0x08002b64   0x00000020   Code   RO         5268    i.TIM_BDTRConfig    stm32f4xx_tim.o
    0x08002b84   0x08002b84   0x00000006   Code   RO         5273    i.TIM_ClearFlag     stm32f4xx_tim.o
    0x08002b8a   0x08002b8a   0x00000018   Code   RO         5279    i.TIM_Cmd           stm32f4xx_tim.o
    0x08002ba2   0x08002ba2   0x0000001e   Code   RO         5281    i.TIM_CtrlPWMOutputs  stm32f4xx_tim.o
    0x08002bc0   0x08002bc0   0x00000190   Code   RO         5284    i.TIM_DeInit        stm32f4xx_tim.o
    0x08002d50   0x08002d50   0x00000006   Code   RO         5294    i.TIM_GetCapture1   stm32f4xx_tim.o
    0x08002d56   0x08002d56   0x00000012   Code   RO         5299    i.TIM_GetFlagStatus  stm32f4xx_tim.o
    0x08002d68   0x08002d68   0x0000006e   Code   RO         5302    i.TIM_ICInit        stm32f4xx_tim.o
    0x08002dd6   0x08002dd6   0x00000012   Code   RO         5303    i.TIM_ICStructInit  stm32f4xx_tim.o
    0x08002de8   0x08002de8   0x00000012   Code   RO         5304    i.TIM_ITConfig      stm32f4xx_tim.o
    0x08002dfa   0x08002dfa   0x0000000c   Code   RO         5306    i.TIM_InternalClockConfig  stm32f4xx_tim.o
    0x08002e06   0x08002e06   0x00000002   PAD
    0x08002e08   0x08002e08   0x0000007c   Code   RO         5308    i.TIM_OC1Init       stm32f4xx_tim.o
    0x08002e84   0x08002e84   0x000000a4   Code   RO         5313    i.TIM_OC2Init       stm32f4xx_tim.o
    0x08002f28   0x08002f28   0x000000a0   Code   RO         5318    i.TIM_OC3Init       stm32f4xx_tim.o
    0x08002fc8   0x08002fc8   0x00000078   Code   RO         5323    i.TIM_OC4Init       stm32f4xx_tim.o
    0x08003040   0x08003040   0x00000014   Code   RO         5326    i.TIM_OCStructInit  stm32f4xx_tim.o
    0x08003054   0x08003054   0x00000006   Code   RO         5328    i.TIM_PrescalerConfig  stm32f4xx_tim.o
    0x0800305a   0x0800305a   0x00000018   Code   RO         5332    i.TIM_SelectHallSensor  stm32f4xx_tim.o
    0x08003072   0x08003072   0x00000012   Code   RO         5333    i.TIM_SelectInputTrigger  stm32f4xx_tim.o
    0x08003084   0x08003084   0x00000012   Code   RO         5338    i.TIM_SelectSlaveMode  stm32f4xx_tim.o
    0x08003096   0x08003096   0x00000004   Code   RO         5345    i.TIM_SetCounter    stm32f4xx_tim.o
    0x0800309a   0x0800309a   0x00000012   Code   RO         5346    i.TIM_SetIC1Prescaler  stm32f4xx_tim.o
    0x080030ac   0x080030ac   0x0000001a   Code   RO         5347    i.TIM_SetIC2Prescaler  stm32f4xx_tim.o
    0x080030c6   0x080030c6   0x00000012   Code   RO         5348    i.TIM_SetIC3Prescaler  stm32f4xx_tim.o
    0x080030d8   0x080030d8   0x0000001a   Code   RO         5349    i.TIM_SetIC4Prescaler  stm32f4xx_tim.o
    0x080030f2   0x080030f2   0x00000002   PAD
    0x080030f4   0x080030f4   0x00000084   Code   RO         5351    i.TIM_TimeBaseInit  stm32f4xx_tim.o
    0x08003178   0x08003178   0x00000012   Code   RO         5352    i.TIM_TimeBaseStructInit  stm32f4xx_tim.o
    0x0800318a   0x0800318a   0x00000002   PAD
    0x0800318c   0x0800318c   0x00000018   Code   RO         6589    i.TimingDelay_Decrement  main.o
    0x080031a4   0x080031a4   0x00000016   Code   RO         7874    i.USBD_ClrCfg       pc_communication.lib(usbd_core.o)
    0x080031ba   0x080031ba   0x00000048   Code   RO         8234    i.USBD_ClrFeature   pc_communication.lib(usbd_req.o)
    0x08003202   0x08003202   0x0000001e   Code   RO         8174    i.USBD_CtlContinueRx  pc_communication.lib(usbd_ioreq.o)
    0x08003220   0x08003220   0x0000001e   Code   RO         8175    i.USBD_CtlContinueSendData  pc_communication.lib(usbd_ioreq.o)
    0x0800323e   0x0800323e   0x0000001e   Code   RO         8235    i.USBD_CtlError     pc_communication.lib(usbd_req.o)
    0x0800325c   0x0800325c   0x0000002e   Code   RO         8176    i.USBD_CtlPrepareRx  pc_communication.lib(usbd_ioreq.o)
    0x0800328a   0x0800328a   0x00000024   Code   RO         8177    i.USBD_CtlReceiveStatus  pc_communication.lib(usbd_ioreq.o)
    0x080032ae   0x080032ae   0x0000002e   Code   RO         8178    i.USBD_CtlSendData  pc_communication.lib(usbd_ioreq.o)
    0x080032dc   0x080032dc   0x00000024   Code   RO         8179    i.USBD_CtlSendStatus  pc_communication.lib(usbd_ioreq.o)
    0x08003300   0x08003300   0x000000e8   Code   RO         7875    i.USBD_DataInStage  pc_communication.lib(usbd_core.o)
    0x080033e8   0x080033e8   0x00000096   Code   RO         7876    i.USBD_DataOutStage  pc_communication.lib(usbd_core.o)
    0x0800347e   0x0800347e   0x00000006   Code   RO         7877    i.USBD_DeInit       pc_communication.lib(usbd_core.o)
    0x08003484   0x08003484   0x00000054   Code   RO         8236    i.USBD_GetConfig    pc_communication.lib(usbd_req.o)
    0x080034d8   0x080034d8   0x00000112   Code   RO         8237    i.USBD_GetDescriptor  pc_communication.lib(usbd_req.o)
    0x080035ea   0x080035ea   0x00000014   Code   RO         8238    i.USBD_GetLen       pc_communication.lib(usbd_req.o)
    0x080035fe   0x080035fe   0x00000002   PAD
    0x08003600   0x08003600   0x00000050   Code   RO         8239    i.USBD_GetStatus    pc_communication.lib(usbd_req.o)
    0x08003650   0x08003650   0x00000052   Code   RO         8240    i.USBD_GetString    pc_communication.lib(usbd_req.o)
    0x080036a2   0x080036a2   0x00000042   Code   RO         7878    i.USBD_Init         pc_communication.lib(usbd_core.o)
    0x080036e4   0x080036e4   0x00000012   Code   RO         7879    i.USBD_IsoINIncomplete  pc_communication.lib(usbd_core.o)
    0x080036f6   0x080036f6   0x00000012   Code   RO         7880    i.USBD_IsoOUTIncomplete  pc_communication.lib(usbd_core.o)
    0x08003708   0x08003708   0x000000e0   Code   RO         7309    i.USBD_OTG_ISR_Handler  pc_communication.lib(usb_dcd_int.o)
    0x080037e8   0x080037e8   0x00000048   Code   RO         8241    i.USBD_ParseSetupRequest  pc_communication.lib(usbd_req.o)
    0x08003830   0x08003830   0x00000032   Code   RO         7881    i.USBD_Reset        pc_communication.lib(usbd_core.o)
    0x08003862   0x08003862   0x0000001e   Code   RO         7882    i.USBD_Resume       pc_communication.lib(usbd_core.o)
    0x08003880   0x08003880   0x00000014   Code   RO         7883    i.USBD_RunTestMode  pc_communication.lib(usbd_core.o)
    0x08003894   0x08003894   0x0000001a   Code   RO         7884    i.USBD_SOF          pc_communication.lib(usbd_core.o)
    0x080038ae   0x080038ae   0x0000005c   Code   RO         8242    i.USBD_SetAddress   pc_communication.lib(usbd_req.o)
    0x0800390a   0x0800390a   0x0000001e   Code   RO         7885    i.USBD_SetCfg       pc_communication.lib(usbd_core.o)
    0x08003928   0x08003928   0x000000d0   Code   RO         8243    i.USBD_SetConfig    pc_communication.lib(usbd_req.o)
    0x080039f8   0x080039f8   0x000000b0   Code   RO         8244    i.USBD_SetFeature   pc_communication.lib(usbd_req.o)
    0x08003aa8   0x08003aa8   0x00000054   Code   RO         7886    i.USBD_SetupStage   pc_communication.lib(usbd_core.o)
    0x08003afc   0x08003afc   0x00000072   Code   RO         8245    i.USBD_StdDevReq    pc_communication.lib(usbd_req.o)
    0x08003b6e   0x08003b6e   0x00000002   PAD
    0x08003b70   0x08003b70   0x00000178   Code   RO         8246    i.USBD_StdEPReq     pc_communication.lib(usbd_req.o)
    0x08003ce8   0x08003ce8   0x0000004c   Code   RO         8247    i.USBD_StdItfReq    pc_communication.lib(usbd_req.o)
    0x08003d34   0x08003d34   0x00000020   Code   RO         7887    i.USBD_Suspend      pc_communication.lib(usbd_core.o)
    0x08003d54   0x08003d54   0x00000034   Code   RO         7986    i.USBD_USR_ConfigStrDescriptor  pc_communication.lib(usbd_desc.o)
    0x08003d88   0x08003d88   0x00000002   Code   RO         8062    i.USBD_USR_DeviceConfigured  pc_communication.lib(usbd_usr.o)
    0x08003d8a   0x08003d8a   0x00000002   Code   RO         8063    i.USBD_USR_DeviceConnected  pc_communication.lib(usbd_usr.o)
    0x08003d8c   0x08003d8c   0x00000010   Code   RO         7987    i.USBD_USR_DeviceDescriptor  pc_communication.lib(usbd_desc.o)
    0x08003d9c   0x08003d9c   0x00000002   Code   RO         8064    i.USBD_USR_DeviceDisconnected  pc_communication.lib(usbd_usr.o)
    0x08003d9e   0x08003d9e   0x00000012   Code   RO         8065    i.USBD_USR_DeviceReset  pc_communication.lib(usbd_usr.o)
    0x08003db0   0x08003db0   0x00000002   Code   RO         8066    i.USBD_USR_DeviceResumed  pc_communication.lib(usbd_usr.o)
    0x08003db2   0x08003db2   0x00000002   Code   RO         8067    i.USBD_USR_DeviceSuspended  pc_communication.lib(usbd_usr.o)
    0x08003db4   0x08003db4   0x00000002   Code   RO         8068    i.USBD_USR_Init     pc_communication.lib(usbd_usr.o)
    0x08003db6   0x08003db6   0x00000002   PAD
    0x08003db8   0x08003db8   0x00000038   Code   RO         7988    i.USBD_USR_InterfaceStrDescriptor  pc_communication.lib(usbd_desc.o)
    0x08003df0   0x08003df0   0x00000010   Code   RO         7989    i.USBD_USR_LangIDStrDescriptor  pc_communication.lib(usbd_desc.o)
    0x08003e00   0x08003e00   0x0000002c   Code   RO         7990    i.USBD_USR_ManufacturerStrDescriptor  pc_communication.lib(usbd_desc.o)
    0x08003e2c   0x08003e2c   0x00000070   Code   RO         7991    i.USBD_USR_ProductStrDescriptor  pc_communication.lib(usbd_desc.o)
    0x08003e9c   0x08003e9c   0x00000018   Code   RO         7992    i.USBD_USR_SerialStrDescriptor  pc_communication.lib(usbd_desc.o)
    0x08003eb4   0x08003eb4   0x00000010   Code   RO         7728    i.USBD_cdc_GetCfgDesc  pc_communication.lib(usbd_cdc_core_loopback.o)
    0x08003ec4   0x08003ec4   0x00000002   Code   RO         8129    i.USB_OTG_BSP_EnableInterrupt  pc_communication.lib(usb_bsp.o)
    0x08003ec6   0x08003ec6   0x00000002   PAD
    0x08003ec8   0x08003ec8   0x0000008c   Code   RO         8130    i.USB_OTG_BSP_Init  pc_communication.lib(usb_bsp.o)
    0x08003f54   0x08003f54   0x00000012   Code   RO         8131    i.USB_OTG_BSP_mDelay  pc_communication.lib(usb_bsp.o)
    0x08003f66   0x08003f66   0x00000012   Code   RO         8132    i.USB_OTG_BSP_uDelay  pc_communication.lib(usb_bsp.o)
    0x08003f78   0x08003f78   0x00000124   Code   RO         7398    i.USB_OTG_CoreInit  pc_communication.lib(usb_core.o)
    0x0800409c   0x0800409c   0x0000020a   Code   RO         7399    i.USB_OTG_CoreInitDev  pc_communication.lib(usb_core.o)
    0x080042a6   0x080042a6   0x00000002   PAD
    0x080042a8   0x080042a8   0x00000070   Code   RO         7400    i.USB_OTG_CoreReset  pc_communication.lib(usb_core.o)
    0x08004318   0x08004318   0x00000022   Code   RO         7401    i.USB_OTG_DisableGlobalInt  pc_communication.lib(usb_core.o)
    0x0800433a   0x0800433a   0x00000074   Code   RO         7402    i.USB_OTG_EP0Activate  pc_communication.lib(usb_core.o)
    0x080043ae   0x080043ae   0x00000156   Code   RO         7403    i.USB_OTG_EP0StartXfer  pc_communication.lib(usb_core.o)
    0x08004504   0x08004504   0x00000062   Code   RO         7404    i.USB_OTG_EP0_OutStart  pc_communication.lib(usb_core.o)
    0x08004566   0x08004566   0x00000098   Code   RO         7405    i.USB_OTG_EPActivate  pc_communication.lib(usb_core.o)
    0x080045fe   0x080045fe   0x00000050   Code   RO         7406    i.USB_OTG_EPClearStall  pc_communication.lib(usb_core.o)
    0x0800464e   0x0800464e   0x0000009a   Code   RO         7407    i.USB_OTG_EPDeactivate  pc_communication.lib(usb_core.o)
    0x080046e8   0x080046e8   0x00000064   Code   RO         7408    i.USB_OTG_EPSetStall  pc_communication.lib(usb_core.o)
    0x0800474c   0x0800474c   0x000001fe   Code   RO         7409    i.USB_OTG_EPStartXfer  pc_communication.lib(usb_core.o)
    0x0800494a   0x0800494a   0x00000034   Code   RO         7410    i.USB_OTG_EnableCommonInt  pc_communication.lib(usb_core.o)
    0x0800497e   0x0800497e   0x0000009a   Code   RO         7411    i.USB_OTG_EnableDevInt  pc_communication.lib(usb_core.o)
    0x08004a18   0x08004a18   0x00000022   Code   RO         7412    i.USB_OTG_EnableGlobalInt  pc_communication.lib(usb_core.o)
    0x08004a3a   0x08004a3a   0x00000002   PAD
    0x08004a3c   0x08004a3c   0x0000004c   Code   RO         7413    i.USB_OTG_FlushRxFifo  pc_communication.lib(usb_core.o)
    0x08004a88   0x08004a88   0x00000054   Code   RO         7414    i.USB_OTG_FlushTxFifo  pc_communication.lib(usb_core.o)
    0x08004adc   0x08004adc   0x00000038   Code   RO         7415    i.USB_OTG_GetDeviceSpeed  pc_communication.lib(usb_core.o)
    0x08004b14   0x08004b14   0x0000000c   Code   RO         7417    i.USB_OTG_GetMode   pc_communication.lib(usb_core.o)
    0x08004b20   0x08004b20   0x00000018   Code   RO         7418    i.USB_OTG_InitDevSpeed  pc_communication.lib(usb_core.o)
    0x08004b38   0x08004b38   0x00000016   Code   RO         7419    i.USB_OTG_IsDeviceMode  pc_communication.lib(usb_core.o)
    0x08004b4e   0x08004b4e   0x00000010   Code   RO         7421    i.USB_OTG_ReadCoreItr  pc_communication.lib(usb_core.o)
    0x08004b5e   0x08004b5e   0x00000010   Code   RO         7422    i.USB_OTG_ReadDevAllInEPItr  pc_communication.lib(usb_core.o)
    0x08004b6e   0x08004b6e   0x00000010   Code   RO         7423    i.USB_OTG_ReadDevAllOutEp_itr  pc_communication.lib(usb_core.o)
    0x08004b7e   0x08004b7e   0x00000014   Code   RO         7424    i.USB_OTG_ReadDevOutEP_itr  pc_communication.lib(usb_core.o)
    0x08004b92   0x08004b92   0x00000028   Code   RO         7426    i.USB_OTG_ReadPacket  pc_communication.lib(usb_core.o)
    0x08004bba   0x08004bba   0x00000002   PAD
    0x08004bbc   0x08004bbc   0x000000d0   Code   RO         7427    i.USB_OTG_SelectCore  pc_communication.lib(usb_core.o)
    0x08004c8c   0x08004c8c   0x0000004e   Code   RO         7428    i.USB_OTG_SetCurrentMode  pc_communication.lib(usb_core.o)
    0x08004cda   0x08004cda   0x0000003e   Code   RO         7432    i.USB_OTG_WritePacket  pc_communication.lib(usb_core.o)
    0x08004d18   0x08004d18   0x00000004   Code   RO         6824    i.UsageFault_Handler  stm32f4xx_it.o
    0x08004d1c   0x08004d1c   0x00000010   Code   RO         7816    i.VCP_DataRx        pc_communication.lib(usbd_cdc_vcp.o)
    0x08004d2c   0x08004d2c   0x00000010   Code   RO         7817    i.VCP_DataTx        pc_communication.lib(usbd_cdc_vcp.o)
    0x08004d3c   0x08004d3c   0x00000020   Code   RO         7818    i.VCP_ReceiveData   pc_communication.lib(usbd_cdc_vcp.o)
    0x08004d5c   0x08004d5c   0x00000020   Code   RO         7819    i.VCP_SendData      pc_communication.lib(usbd_cdc_vcp.o)
    0x08004d7c   0x08004d7c   0x00000090   Code   RO          241    i.arm_cos_f32       arm_cos_f32.o
    0x08004e0c   0x08004e0c   0x0000008c   Code   RO          313    i.arm_sin_f32       arm_sin_f32.o
    0x08004e98   0x08004e98   0x0000026c   Code   RO         6930    i.communication_handle  pc_communication.lib(communication.o)
    0x08005104   0x08005104   0x0000003c   Code   RO         6931    i.communication_init  pc_communication.lib(communication.o)
    0x08005140   0x08005140   0x00000358   Code   RO         6932    i.communication_send  pc_communication.lib(communication.o)
    0x08005498   0x08005498   0x00000028   Code   RO         6933    i.communication_task  pc_communication.lib(communication.o)
    0x080054c0   0x080054c0   0x0000004c   Code   RO         6193    i.drv8301_init      drv8301.o
    0x0800550c   0x0800550c   0x0000002c   Code   RO         6194    i.drv8301_protection  drv8301.o
    0x08005538   0x08005538   0x00000100   Code   RO         6195    i.drv8301_spi_read  drv8301.o
    0x08005638   0x08005638   0x00000090   Code   RO         6196    i.drv8301_spi_write  drv8301.o
    0x080056c8   0x080056c8   0x00000024   Code   RO         6934    i.float_data_download  pc_communication.lib(communication.o)
    0x080056ec   0x080056ec   0x0000007c   Code   RO         6935    i.float_data_download_init  pc_communication.lib(communication.o)
    0x08005768   0x08005768   0x00000038   Code   RO         6936    i.float_data_sample  pc_communication.lib(communication.o)
    0x080057a0   0x080057a0   0x0000007c   Code   RO         6937    i.float_data_upload_init  pc_communication.lib(communication.o)
    0x0800581c   0x0800581c   0x00000042   Code   RO         6938    i.float_wave_data_sample  pc_communication.lib(communication.o)
    0x0800585e   0x0800585e   0x00000002   PAD
    0x08005860   0x08005860   0x00000050   Code   RO         6939    i.float_wave_upload_init  pc_communication.lib(communication.o)
    0x080058b0   0x080058b0   0x0000013c   Code   RO         6251    i.foc_algorithm_initialize  foc_algorithm.o
    0x080059ec   0x080059ec   0x00000220   Code   RO         6252    i.foc_algorithm_step  foc_algorithm.o
    0x08005c0c   0x08005c0c   0x00000040   Code   RO         6940    i.get_mcu_id        pc_communication.lib(communication.o)
    0x08005c4c   0x08005c4c   0x00000060   Code   RO         6088    i.get_offset        adc.o
    0x08005cac   0x08005cac   0x000007e4   Code   RO         6518    i.hard_init         board_config.o
    0x08006490   0x08006490   0x00000038   Code   RO         6941    i.int_data_sample   pc_communication.lib(communication.o)
    0x080064c8   0x080064c8   0x000000cc   Code   RO         6942    i.int_data_upload_init  pc_communication.lib(communication.o)
    0x08006594   0x08006594   0x00000044   Code   RO         6943    i.int_wave_data_sample  pc_communication.lib(communication.o)
    0x080065d8   0x080065d8   0x00000060   Code   RO         6944    i.int_wave_upload_init  pc_communication.lib(communication.o)
    0x08006638   0x08006638   0x000000d0   Code   RO         6377    i.low_control_task  low_task.o
    0x08006708   0x08006708   0x0000003c   Code   RO         6590    i.main              main.o
    0x08006744   0x08006744   0x000003bc   Code   RO         6089    i.motor_run         adc.o
    0x08006b00   0x08006b00   0x00000078   Code   RO         6378    i.motor_start       low_task.o
    0x08006b78   0x08006b78   0x0000000c   Code   RO         6945    i.motor_start_stop_data_download_init  pc_communication.lib(communication.o)
    0x08006b84   0x08006b84   0x00000028   Code   RO         6379    i.motor_stop        low_task.o
    0x08006bac   0x08006bac   0x0000010c   Code   RO         6637    i.oled_display      oled.o
    0x08006cb8   0x08006cb8   0x000001a0   Code   RO         6729    i.oled_display_handle  oled_display.o
    0x08006e58   0x08006e58   0x00000016   Code   RO         6638    i.oled_pow          oled.o
    0x08006e6e   0x08006e6e   0x00000002   PAD
    0x08006e70   0x08006e70   0x000001e8   Code   RO         6784    i.pc_communication_init  pc_communication_init.o
    0x08007058   0x08007058   0x00000064   Code   RO         6449    i.speed_pid_initialize  speed_pid.o
    0x080070bc   0x080070bc   0x0000000c   Code   RO         6946    i.speed_ref_data_download_init  pc_communication.lib(communication.o)
    0x080070c8   0x080070c8   0x00000062   Code   RO         6479    i.stm32_ekf_Outputs_wrapper  stm32_ekf_wrapper.o
    0x0800712a   0x0800712a   0x00000002   PAD
    0x0800712c   0x0800712c   0x000001d8   Code   RO         6480    i.stm32_ekf_Start_wrapper  stm32_ekf_wrapper.o
    0x08007304   0x08007304   0x00001794   Code   RO         6481    i.stm32_ekf_Update_wrapper  stm32_ekf_wrapper.o
    0x08008a98   0x08008a98   0x00000014   Code   RO         7729    i.usbd_cdc_DataIn   pc_communication.lib(usbd_cdc_core_loopback.o)
    0x08008aac   0x08008aac   0x00000028   Code   RO         7730    i.usbd_cdc_DataOut  pc_communication.lib(usbd_cdc_core_loopback.o)
    0x08008ad4   0x08008ad4   0x00000022   Code   RO         7731    i.usbd_cdc_DeInit   pc_communication.lib(usbd_cdc_core_loopback.o)
    0x08008af6   0x08008af6   0x00000006   Code   RO         7732    i.usbd_cdc_EP0_RxReady  pc_communication.lib(usbd_cdc_core_loopback.o)
    0x08008afc   0x08008afc   0x0000003c   Code   RO         7733    i.usbd_cdc_Init     pc_communication.lib(usbd_cdc_core_loopback.o)
    0x08008b38   0x08008b38   0x00000090   Code   RO         7734    i.usbd_cdc_Setup    pc_communication.lib(usbd_cdc_core_loopback.o)
    0x08008bc8   0x08008bc8   0x00000018   Code   RO         8337    x$fpl$basic         fz_wm.l(basic.o)
    0x08008be0   0x08008be0   0x00000062   Code   RO         8339    x$fpl$d2f           fz_wm.l(d2f.o)
    0x08008c42   0x08008c42   0x00000002   PAD
    0x08008c44   0x08008c44   0x00000150   Code   RO         8341    x$fpl$dadd          fz_wm.l(daddsub_clz.o)
    0x08008d94   0x08008d94   0x0000002e   Code   RO         8348    x$fpl$dflt          fz_wm.l(dflt_clz.o)
    0x08008dc2   0x08008dc2   0x00000002   PAD
    0x08008dc4   0x08008dc4   0x00000154   Code   RO         8353    x$fpl$dmul          fz_wm.l(dmul.o)
    0x08008f18   0x08008f18   0x0000009c   Code   RO         8358    x$fpl$dnaninf       fz_wm.l(dnaninf.o)
    0x08008fb4   0x08008fb4   0x0000000c   Code   RO         8360    x$fpl$dretinf       fz_wm.l(dretinf.o)
    0x08008fc0   0x08008fc0   0x000001d4   Code   RO         8343    x$fpl$dsub          fz_wm.l(daddsub_clz.o)
    0x08009194   0x08009194   0x00000056   Code   RO         8355    x$fpl$f2d           fz_wm.l(f2d.o)
    0x080091ea   0x080091ea   0x0000008c   Code   RO         8362    x$fpl$fnaninf       fz_wm.l(fnaninf.o)
    0x08009276   0x08009276   0x0000000a   Code   RO         8451    x$fpl$fpinit        fz_wm.l(fpinit.o)
    0x08009280   0x08009280   0x0000000a   Code   RO         8364    x$fpl$fretinf       fz_wm.l(fretinf.o)
    0x0800928a   0x0800928a   0x00000000   Code   RO         8366    x$fpl$usenofp       fz_wm.l(usenofp.o)
    0x0800928a   0x0800928a   0x00000002   PAD
    0x0800928c   0x0800928c   0x00034eca   Data   RO          176    .constdata          arm_common_tables.o
    0x0803e156   0x0803e156   0x00000818   Data   RO         6759    .constdata          oled_font.o
    0x0803e96e   0x0803e96e   0x00000002   PAD
    0x0803e970   0x0803e970   0x00000020   Data   RO         8519    Region$$Table       anon$$obj.o


    Execution Region RW_IRAM1 (Exec base: 0x20000000, Load base: 0x0803e990, Size: 0x00003d08, Max: 0x00020000, ABSOLUTE, COMPRESSED[0x0000054c])

    Exec Addr    Load Addr    Size         Type   Attr      Idx    E Section Name        Object

    0x20000000   COMPRESSED   0x00000010   Data   RW         3869    .data               stm32f4xx_rcc.o
    0x20000010   COMPRESSED   0x00000058   Data   RW         6091    .data               adc.o
    0x20000068   COMPRESSED   0x00000009   Data   RW         6197    .data               drv8301.o
    0x20000071   COMPRESSED   0x00000003   PAD
    0x20000074   COMPRESSED   0x00000054   Data   RW         6255    .data               foc_algorithm.o
    0x200000c8   COMPRESSED   0x00000010   Data   RW         6320    .data               hall_sensor.o
    0x200000d8   COMPRESSED   0x00000024   Data   RW         6349    .data               l_identification_wrapper.o
    0x200000fc   COMPRESSED   0x00000004   Data   RW         6380    .data               low_task.o
    0x20000100   COMPRESSED   0x0000006c   Data   RW         6424    .data               r_flux_identification_wrapper.o
    0x2000016c   COMPRESSED   0x00000020   Data   RW         6451    .data               speed_pid.o
    0x2000018c   COMPRESSED   0x000001bc   Data   RW         6482    .data               stm32_ekf_wrapper.o
    0x20000348   COMPRESSED   0x00000003   Data   RW         6549    .data               exti.o
    0x2000034b   COMPRESSED   0x00000001   PAD
    0x2000034c   COMPRESSED   0x00000004   Data   RW         6591    .data               main.o
    0x20000350   COMPRESSED   0x00000002   Data   RW         6640    .data               oled.o
    0x20000352   COMPRESSED   0x0000000c   Data   RW         6730    .data               oled_display.o
    0x2000035e   COMPRESSED   0x00000c80   Data   RW         6760    .data               oled_font.o
    0x20000fde   COMPRESSED   0x00000002   PAD
    0x20000fe0   COMPRESSED   0x00000050   Data   RW         6785    .data               pc_communication_init.o
    0x20001030   COMPRESSED   0x000000cc   Data   RW         6948    .data               pc_communication.lib(communication.o)
    0x200010fc   COMPRESSED   0x0000007b   Data   RW         7736    .data               pc_communication.lib(usbd_cdc_core_loopback.o)
    0x20001177   COMPRESSED   0x00000001   PAD
    0x20001178   COMPRESSED   0x00000010   Data   RW         7820    .data               pc_communication.lib(usbd_cdc_vcp.o)
    0x20001188   COMPRESSED   0x00000034   Data   RW         7888    .data               pc_communication.lib(usbd_core.o)
    0x200011bc   COMPRESSED   0x00000056   Data   RW         7994    .data               pc_communication.lib(usbd_desc.o)
    0x20001212   COMPRESSED   0x00000002   PAD
    0x20001214   COMPRESSED   0x0000001c   Data   RW         8069    .data               pc_communication.lib(usbd_usr.o)
    0x20001230   COMPRESSED   0x0000000d   Data   RW         8248    .data               pc_communication.lib(usbd_req.o)
    0x2000123d   COMPRESSED   0x00000003   PAD
    0x20001240        -       0x0000000a   Zero   RW         6090    .bss                adc.o
    0x2000124a   COMPRESSED   0x00000006   PAD
    0x20001250        -       0x0000010c   Zero   RW         6253    .bss                foc_algorithm.o
    0x2000135c        -       0x0000001c   Zero   RW         6450    .bss                speed_pid.o
    0x20001378        -       0x00000480   Zero   RW         6639    .bss                oled.o
    0x200017f8        -       0x00001db0   Zero   RW         6947    .bss                pc_communication.lib(communication.o)
    0x200035a8        -       0x000000ff   Zero   RW         7993    .bss                pc_communication.lib(usbd_desc.o)
    0x200036a7   COMPRESSED   0x00000001   PAD
    0x200036a8        -       0x00000060   Zero   RW         8393    .bss                c_w.l(libspace.o)
    0x20003708        -       0x00000200   Zero   RW          167    HEAP                startup_stm32f446xx.o
    0x20003908        -       0x00000400   Zero   RW          166    STACK               startup_stm32f446xx.o


==============================================================================

Image component sizes


      Code (inc. data)   RO Data    RW Data    ZI Data      Debug   Object Name

      1224        210          0         88         10       5129   adc.o
         0          0     216778          0          0      18380   arm_common_tables.o
       144         12          0          0          0        866   arm_cos_f32.o
       140         12          0          0          0        866   arm_sin_f32.o
      2020         56          0          0          0      28551   board_config.o
       520         36          0          9          0       3563   drv8301.o
        84         12          0          3          0       2003   exti.o
      1974        150          0         84        268      10128   foc_algorithm.o
       380         62          0         16          0       1184   hall_sensor.o
       352         78          0         36          0       3133   l_identification_wrapper.o
       464        112          0          4          0       2763   low_task.o
       108         18          0          4          0       2331   main.o
       140         24          0          0          0       2051   misc.o
      1234         78          0          2       1152       8462   oled.o
       416         96          0         12          0       1590   oled_display.o
         0          0       2072       3200          0        987   oled_font.o
       488        106          0         80          0       1776   pc_communication_init.o
      1164        188          0        108          0       3932   r_flux_identification_wrapper.o
       244         40          0         32         28       3193   speed_pid.o
        64         26        452          0       1536        976   startup_stm32f446xx.o
      6606       1080          0        444          0       7240   stm32_ekf_wrapper.o
       658         24          0          0          0      12666   stm32f4xx_adc.o
       110          6          0          0          0       2873   stm32f4xx_dma.o
       184         16          0          0          0       2728   stm32f4xx_exti.o
       258          0          0          0          0       5057   stm32f4xx_gpio.o
        56         10          0          0          0       5343   stm32f4xx_it.o
       728         68          0         16          0       9778   stm32f4xx_rcc.o
        64          4          0          0          0        772   stm32f4xx_syscfg.o
      1860        120          0          0          0      23980   stm32f4xx_tim.o
       392         32          0          0          0     342053   system_stm32f4xx.o

    ----------------------------------------------------------------------
     22106       2676     219336       4144       3000     514354   Object Totals
         0          0         32          0          0          0   (incl. Generated)
        30          0          2          6          6          0   (incl. Padding)

    ----------------------------------------------------------------------

      Code (inc. data)   RO Data    RW Data    ZI Data      Debug   Library Member Name

        90          0          0          0          0          0   __dczerorl2.o
         8          0          0          0          0         68   __main.o
         0          0          0          0          0          0   __rtentry.o
        12          0          0          0          0          0   __rtentry2.o
         6          0          0          0          0          0   __rtentry4.o
        52          8          0          0          0          0   __scatter.o
        28          0          0          0          0          0   __scatter_zi.o
        18          0          0          0          0         80   exit.o
         6          0          0          0          0        152   heapauxi.o
         0          0          0          0          0          0   indicate_semi.o
         2          0          0          0          0          0   libinit.o
         6          0          0          0          0          0   libinit2.o
         2          0          0          0          0          0   libshutdown.o
         2          0          0          0          0          0   libshutdown2.o
         8          4          0          0         96         68   libspace.o
        78          0          0          0          0         80   rt_memclr_w.o
         2          0          0          0          0          0   rtexit.o
        10          0          0          0          0          0   rtexit2.o
        12          4          0          0          0         68   sys_exit.o
        74          0          0          0          0         80   sys_stackheap_outer.o
         2          0          0          0          0         68   use_no_semi.o
        24          0          0          0          0        164   basic.o
        98          4          0          0          0        140   d2f.o
       804         16          0          0          0        368   daddsub_clz.o
        46          0          0          0          0        116   dflt_clz.o
       340         12          0          0          0        152   dmul.o
       156          4          0          0          0        140   dnaninf.o
        12          0          0          0          0        116   dretinf.o
        86          4          0          0          0        132   f2d.o
       140          4          0          0          0        132   fnaninf.o
        10          0          0          0          0        116   fpinit.o
        10          0          0          0          0        116   fretinf.o
         0          0          0          0          0          0   usenofp.o
      2574        620          0        204       7600     318029   communication.o
       178          8          0          0          0       2655   usb_bsp.o
      3482         18          0          0          0      20808   usb_core.o
       666          0          0          0          0       5948   usb_dcd.o
      2240         98          0          0          0      28823   usb_dcd_int.o
       320         30          0        123          0      11043   usbd_cdc_core_loopback.o
        96         20          0         16          0       3769   usbd_cdc_vcp.o
       784          6          0         52          0      10468   usbd_core.o
       434        170          0         86        255       7119   usbd_desc.o
       224          0          0          0          0       4412   usbd_ioreq.o
      1756         56          0         13          0      10174   usbd_req.o
        30          0          0         28          0       3553   usbd_usr.o

    ----------------------------------------------------------------------
     14958       1086          0        528       7952     429157   Library Totals
        30          0          0          6          1          0   (incl. Padding)

    ----------------------------------------------------------------------

      Code (inc. data)   RO Data    RW Data    ZI Data      Debug   Library Name

       418         16          0          0         96        664   c_w.l
      1726         44          0          0          0       1692   fz_wm.l
     12784       1026          0        522       7855     426801   pc_communication.lib

    ----------------------------------------------------------------------
     14958       1086          0        528       7952     429157   Library Totals

    ----------------------------------------------------------------------

==============================================================================


      Code (inc. data)   RO Data    RW Data    ZI Data      Debug   

     37064       3762     219336       4672      10952     917303   Grand Totals
     37064       3762     219336       1356      10952     917303   ELF Image Totals (compressed)
     37064       3762     219336       1356          0          0   ROM Totals

==============================================================================

    Total RO  Size (Code + RO Data)               256400 ( 250.39kB)
    Total RW  Size (RW Data + ZI Data)             15624 (  15.26kB)
    Total ROM Size (Code + RO Data + RW Data)     257756 ( 251.71kB)

==============================================================================

